Component: ARM Compiler 6.16 Tool: armlink [5dfeaa00]

==============================================================================

Section Cross References

    system_at32f4xx.o(.text.SystemInit) refers to at32f4xx_rcc.o(.text.RCC_StepModeCmd) for RCC_StepModeCmd
    system_at32f4xx.o(.ARM.exidx.text.SystemInit) refers to system_at32f4xx.o(.text.SystemInit) for [Anonymous Symbol]
    system_at32f4xx.o(.text.SystemCoreClockUpdate) refers to system_at32f4xx.o(.data.SystemCoreClock) for SystemCoreClock
    system_at32f4xx.o(.text.SystemCoreClockUpdate) refers to system_at32f4xx.o(.rodata.AHBPscTable) for AHBPscTable
    system_at32f4xx.o(.ARM.exidx.text.SystemCoreClockUpdate) refers to system_at32f4xx.o(.text.SystemCoreClockUpdate) for [Anonymous Symbol]
    startup_at32f421k8u7.o(STACK) refers (Special) to heapauxi.o(.text) for __use_two_region_memory
    startup_at32f421k8u7.o(HEAP) refers (Special) to heapauxi.o(.text) for __use_two_region_memory
    startup_at32f421k8u7.o(RESET) refers (Special) to heapauxi.o(.text) for __use_two_region_memory
    startup_at32f421k8u7.o(RESET) refers to startup_at32f421k8u7.o(STACK) for __initial_sp
    startup_at32f421k8u7.o(RESET) refers to startup_at32f421k8u7.o(.text) for Reset_Handler
    startup_at32f421k8u7.o(RESET) refers to at32f4xx_it.o(.text.NMI_Handler) for NMI_Handler
    startup_at32f421k8u7.o(RESET) refers to at32f4xx_it.o(.text.HardFault_Handler) for HardFault_Handler
    startup_at32f421k8u7.o(RESET) refers to at32f4xx_it.o(.text.MemManage_Handler) for MemManage_Handler
    startup_at32f421k8u7.o(RESET) refers to at32f4xx_it.o(.text.BusFault_Handler) for BusFault_Handler
    startup_at32f421k8u7.o(RESET) refers to at32f4xx_it.o(.text.UsageFault_Handler) for UsageFault_Handler
    startup_at32f421k8u7.o(RESET) refers to at32f4xx_it.o(.text.SVC_Handler) for SVC_Handler
    startup_at32f421k8u7.o(RESET) refers to at32f4xx_it.o(.text.DebugMon_Handler) for DebugMon_Handler
    startup_at32f421k8u7.o(RESET) refers to at32f4xx_it.o(.text.PendSV_Handler) for PendSV_Handler
    startup_at32f421k8u7.o(RESET) refers to at32f4xx_it.o(.text.SysTick_Handler) for SysTick_Handler
    startup_at32f421k8u7.o(RESET) refers to at32f4xx_it.o(.text.DMA1_Channel7_4_IRQHandler) for DMA1_Channel7_4_IRQHandler
    startup_at32f421k8u7.o(RESET) refers to at32f4xx_it.o(.text.ADC_COMP_IRQHandler) for ADC_COMP_IRQHandler
    startup_at32f421k8u7.o(RESET) refers to at32f4xx_it.o(.text.TMR3_GLOBAL_IRQHandler) for TMR3_GLOBAL_IRQHandler
    startup_at32f421k8u7.o(RESET) refers to at32f4xx_it.o(.text.TMR14_GLOBAL_IRQHandler) for TMR14_GLOBAL_IRQHandler
    startup_at32f421k8u7.o(RESET) refers to at32f4xx_it.o(.text.TMR15_GLOBAL_IRQHandler) for TMR15_GLOBAL_IRQHandler
    startup_at32f421k8u7.o(RESET) refers to at32f4xx_it.o(.text.TMR16_GLOBAL_IRQHandler) for TMR16_GLOBAL_IRQHandler
    startup_at32f421k8u7.o(RESET) refers to at32f4xx_it.o(.text.USART1_IRQHandler) for USART1_IRQHandler
    startup_at32f421k8u7.o(.text) refers (Special) to heapauxi.o(.text) for __use_two_region_memory
    startup_at32f421k8u7.o(.text) refers to system_at32f4xx.o(.text.SystemInit) for SystemInit
    startup_at32f421k8u7.o(.text) refers to __main.o(!!!main) for __main
    startup_at32f421k8u7.o(.text) refers to startup_at32f421k8u7.o(HEAP) for Heap_Mem
    startup_at32f421k8u7.o(.text) refers to startup_at32f421k8u7.o(STACK) for Stack_Mem
    at32f4xx_it.o(.ARM.exidx.text.NMI_Handler) refers to at32f4xx_it.o(.text.NMI_Handler) for [Anonymous Symbol]
    at32f4xx_it.o(.ARM.exidx.text.HardFault_Handler) refers to at32f4xx_it.o(.text.HardFault_Handler) for [Anonymous Symbol]
    at32f4xx_it.o(.ARM.exidx.text.MemManage_Handler) refers to at32f4xx_it.o(.text.MemManage_Handler) for [Anonymous Symbol]
    at32f4xx_it.o(.ARM.exidx.text.BusFault_Handler) refers to at32f4xx_it.o(.text.BusFault_Handler) for [Anonymous Symbol]
    at32f4xx_it.o(.ARM.exidx.text.UsageFault_Handler) refers to at32f4xx_it.o(.text.UsageFault_Handler) for [Anonymous Symbol]
    at32f4xx_it.o(.ARM.exidx.text.SVC_Handler) refers to at32f4xx_it.o(.text.SVC_Handler) for [Anonymous Symbol]
    at32f4xx_it.o(.ARM.exidx.text.DebugMon_Handler) refers to at32f4xx_it.o(.text.DebugMon_Handler) for [Anonymous Symbol]
    at32f4xx_it.o(.ARM.exidx.text.PendSV_Handler) refers to at32f4xx_it.o(.text.PendSV_Handler) for [Anonymous Symbol]
    at32f4xx_it.o(.ARM.exidx.text.SysTick_Handler) refers to at32f4xx_it.o(.text.SysTick_Handler) for [Anonymous Symbol]
    at32f4xx_it.o(.text.DMA1_Channel7_4_IRQHandler) refers to at32f4xx_dma.o(.text.DMA_GetFlagStatus) for DMA_GetFlagStatus
    at32f4xx_it.o(.text.DMA1_Channel7_4_IRQHandler) refers to main.o(.bss..L_MergedGlobals.2) for servoPwm
    at32f4xx_it.o(.text.DMA1_Channel7_4_IRQHandler) refers to signal.o(.text.transfercomplete) for transfercomplete
    at32f4xx_it.o(.ARM.exidx.text.DMA1_Channel7_4_IRQHandler) refers to at32f4xx_it.o(.text.DMA1_Channel7_4_IRQHandler) for [Anonymous Symbol]
[...]
    .ARM.Collect$$rtentry$$0000000C          0x08001196   Section        0  __rtentry2.o(.ARM.Collect$$rtentry$$0000000C)
    .ARM.Collect$$rtentry$$0000000D          0x08001196   Section        8  __rtentry2.o(.ARM.Collect$$rtentry$$0000000D)
    .ARM.Collect$$rtexit$$00000000           0x0800119e   Section        2  rtexit.o(.ARM.Collect$$rtexit$$00000000)
    .ARM.Collect$$rtexit$$00000002           0x080011a0   Section        0  rtexit2.o(.ARM.Collect$$rtexit$$00000002)
    .ARM.Collect$$rtexit$$00000003           0x080011a0   Section        4  rtexit2.o(.ARM.Collect$$rtexit$$00000003)
    .ARM.Collect$$rtexit$$00000004           0x080011a4   Section        6  rtexit2.o(.ARM.Collect$$rtexit$$00000004)
    .text                                    0x080011ac   Section       64  startup_at32f421k8u7.o(.text)
    .text                                    0x080011ec   Section       78  rt_memclr_w.o(.text)
    .text                                    0x0800123a   Section        0  heapauxi.o(.text)
    .text                                    0x08001240   Section        8  rt_fp_status_addr_intlibspace.o(.text)
    .text                                    0x08001248   Section        8  libspace.o(.text)
    .text                                    0x08001250   Section       74  sys_stackheap_outer.o(.text)
    .text                                    0x0800129c   Section        0  _fptrap.o(.text)
    .text                                    0x080012cc   Section        0  exit.o(.text)
    .text                                    0x080012de   Section        0  defsig_fpe_outer.o(.text)
    .text                                    0x080012ec   Section        0  defsig_exit.o(.text)
    .text                                    0x080012f8   Section        0  defsig_fpe_inner.o(.text)
    .text                                    0x080013a4   Section        0  sys_exit.o(.text)
    .text                                    0x080013b0   Section        0  defsig_general.o(.text)
    .text                                    0x080013e2   Section        0  sys_wrch.o(.text)
    .text                                    0x080013f0   Section        2  use_no_semi.o(.text)
    .text                                    0x080013f2   Section        0  indicate_semi.o(.text)
    [Anonymous Symbol]                       0x080013f4   Section        0  at32f4xx_it.o(.text.ADC_COMP_IRQHandler)
    [Anonymous Symbol]                       0x08001410   Section        0  at32f4xx_adc.o(.text.ADC_SoftwareStartConvCtrl)
    [Anonymous Symbol]                       0x08001424   Section        0  at32f4xx_it.o(.text.BusFault_Handler)
    [Anonymous Symbol]                       0x08001428   Section        0  at32f4xx_comp.o(.text.COMP_Cmd)
    [Anonymous Symbol]                       0x08001444   Section        0  at32f4xx_comp.o(.text.COMP_GetOutputState)
    [Anonymous Symbol]                       0x08001458   Section        0  at32f4xx_it.o(.text.DMA1_Channel7_4_IRQHandler)
    [Anonymous Symbol]                       0x080014c4   Section        0  at32f4xx_dma.o(.text.DMA_GetFlagStatus)
    [Anonymous Symbol]                       0x080014d4   Section        0  at32f4xx_it.o(.text.DebugMon_Handler)
    [Anonymous Symbol]                       0x080014d8   Section        0  at32f4xx_flash.o(.text.FLASH_ClearFlag)
    [Anonymous Symbol]                       0x080014e4   Section        0  at32f4xx_flash.o(.text.FLASH_ErasePage)
    [Anonymous Symbol]                       0x0800195c   Section        0  at32f4xx_flash.o(.text.FLASH_LockBank1)
    [Anonymous Symbol]                       0x08001970   Section        0  at32f4xx_flash.o(.text.FLASH_ProgramWord)
    [Anonymous Symbol]                       0x080020cc   Section        0  at32f4xx_flash.o(.text.FLASH_Unlock)
    [Anonymous Symbol]                       0x080020ec   Section        0  at32f4xx_gpio_ex.o(.text.GPIO_PinAFConfig)
    [Anonymous Symbol]                       0x08002114   Section        0  at32f4xx_it.o(.text.HardFault_Handler)
    [Anonymous Symbol]                       0x08002118   Section        0  at32f4xx_iwdg.o(.text.IWDG_ReloadCounter)
    [Anonymous Symbol]                       0x08002128   Section        0  peripherals.o(.text.MX_IWDG_Init)
    [Anonymous Symbol]                       0x08002150   Section        0  at32f4xx_it.o(.text.MemManage_Handler)
    [Anonymous Symbol]                       0x08002154   Section        0  at32f4xx_it.o(.text.NMI_Handler)
    NVIC_SystemReset                         0x08002159   Thumb Code    42  main.o(.text.NVIC_SystemReset)
    [Anonymous Symbol]                       0x08002158   Section        0  main.o(.text.NVIC_SystemReset)
    [Anonymous Symbol]                       0x08002184   Section        0  at32f4xx_it.o(.text.PendSV_Handler)
    [Anonymous Symbol]                       0x08002188   Section        0  main.o(.text.PeriodElapsedCallback)
    [Anonymous Symbol]                       0x080021f8   Section        0  at32f4xx_rcc.o(.text.RCC_AHBPeriphClockCmd)
    [Anonymous Symbol]                       0x08002210   Section        0  at32f4xx_rcc.o(.text.RCC_APB1PeriphClockCmd)
    [Anonymous Symbol]                       0x08002228   Section        0  at32f4xx_rcc.o(.text.RCC_APB1PeriphResetCmd)
    [Anonymous Symbol]                       0x08002240   Section        0  at32f4xx_rcc.o(.text.RCC_APB2PeriphClockCmd)
    [Anonymous Symbol]                       0x08002258   Section        0  at32f4xx_rcc.o(.text.RCC_APB2PeriphResetCmd)
    [Anonymous Symbol]                       0x08002270   Section        0  at32f4xx_rcc.o(.text.RCC_StepModeCmd)
    [Anonymous Symbol]                       0x08002288   Section        0  at32f4xx_it.o(.text.SVC_Handler)
    [Anonymous Symbol]                       0x0800228c   Section        0  at32f4xx_it.o(.text.SysTick_Handler)
    [Anonymous Symbol]                       0x08002290   Section        0  system_at32f4xx.o(.text.SystemInit)
    [Anonymous Symbol]                       0x08002404   Section        0  peripherals.o(.text.TIM1_Init)
    [Anonymous Symbol]                       0x08002514   Section        0  at32f4xx_it.o(.text.TMR14_GLOBAL_IRQHandler)
    [Anonymous Symbol]                       0x08002528   Section        0  at32f4xx_it.o(.text.TMR15_GLOBAL_IRQHandler)
    [Anonymous Symbol]                       0x0800253c   Section        0  at32f4xx_it.o(.text.TMR16_GLOBAL_IRQHandler)
    [Anonymous Symbol]                       0x0800254c   Section        0  at32f4xx_it.o(.text.TMR3_GLOBAL_IRQHandler)
    [Anonymous Symbol]                       0x0800256c   Section        0  at32f4xx_tim.o(.text.TMR_ARPreloadConfig)
    [Anonymous Symbol]                       0x08002580   Section        0  at32f4xx_tim.o(.text.TMR_CCxCmd)
    [Anonymous Symbol]                       0x080025a0   Section        0  at32f4xx_tim.o(.text.TMR_CCxNCmd)
    [Anonymous Symbol]                       0x080025c0   Section        0  at32f4xx_tim.o(.text.TMR_Cmd)
    [Anonymous Symbol]                       0x080025d4   Section        0  at32f4xx_tim.o(.text.TMR_DMACmd)
    [Anonymous Symbol]                       0x080025e4   Section        0  at32f4xx_tim.o(.text.TMR_OC1PreloadConfig)
    [Anonymous Symbol]                       0x080025f0   Section        0  at32f4xx_tim.o(.text.TMR_OC2PreloadConfig)
    [Anonymous Symbol]                       0x08002600   Section        0  at32f4xx_tim.o(.text.TMR_OC3PreloadConfig)
    [Anonymous Symbol]                       0x0800260c   Section        0  at32f4xx_tim.o(.text.TMR_Reset)
    [Anonymous Symbol]                       0x08002724   Section        0  peripherals.o(.text.UN_TIM_Init)
    [Anonymous Symbol]                       0x080027b0   Section        0  at32f4xx_it.o(.text.USART1_IRQHandler)
    [Anonymous Symbol]                       0x080027b4   Section        0  at32f4xx_it.o(.text.UsageFault_Handler)
    [Anonymous Symbol]                       0x080027b8   Section        0  main.o(.text.advanceincrement)
    [Anonymous Symbol]                       0x080028dc   Section        0  phaseouts.o(.text.allOff)
    [Anonymous Symbol]                       0x08002968   Section        0  phaseouts.o(.text.allpwm)
    [Anonymous Symbol]                       0x08002a24   Section        0  comparator.o(.text.changeCompInput)
    [Anonymous Symbol]                       0x08002aa8   Section        0  io.o(.text.changeToInput)
    [Anonymous Symbol]                       0x08002aec   Section        0  phaseouts.o(.text.comStep)
    [Anonymous Symbol]                       0x08002ea4   Section        0  main.o(.text.commutate)
    [Anonymous Symbol]                       0x0800301c   Section        0  dshot.o(.text.computeDshotDMA)
    [Anonymous Symbol]                       0x080034cc   Section        0  signal.o(.text.computeServoInput)
    [Anonymous Symbol]                       0x080036a0   Section        0  functions.o(.text.delayMicros)
    [Anonymous Symbol]                       0x080036cc   Section        0  functions.o(.text.delayMillis)
    [Anonymous Symbol]                       0x08003710   Section        0  io.o(.text.detectInput)
    [Anonymous Symbol]                       0x080038c8   Section        0  comparator.o(.text.enableCompInterrupts)
    [Anonymous Symbol]                       0x080038dc   Section        0  phaseouts.o(.text.fullBrake)
    [Anonymous Symbol]                       0x08003968   Section        0  functions.o(.text.getAbsDif)
    [Anonymous Symbol]                       0x08003970   Section        0  functions.o(.text.gpio_mode_QUICK)
    [Anonymous Symbol]                       0x08003988   Section        0  functions.o(.text.gpio_mode_set)
    [Anonymous Symbol]                       0x080039c0   Section        0  peripherals.o(.text.initCorePeripherals)
    [Anonymous Symbol]                       0x08003b44   Section        0  main.o(.text.interruptRoutine)
    [Anonymous Symbol]                       0x08003c28   Section        0  main.o(.text.loadEEpromSettings)
    [Anonymous Symbol]                       0x08003f2c   Section        0  main.o(.text.main)
    [Anonymous Symbol]                       0x08004b98   Section        0  dshot.o(.text.make_dshot_package)
    [Anonymous Symbol]                       0x08004db0   Section        0  functions.o(.text.map)
    [Anonymous Symbol]                       0x08004dd8   Section        0  comparator.o(.text.maskPhaseInterrupts)
    [Anonymous Symbol]                       0x08004df0   Section        0  sounds.o(.text.playBeaconTune3)
    [Anonymous Symbol]                       0x08004e64   Section        0  sounds.o(.text.playBlueJayTune)
    [Anonymous Symbol]                       0x08004f90   Section        0  sounds.o(.text.playChangedTone)
    [Anonymous Symbol]                       0x08004ff0   Section        0  sounds.o(.text.playDefaultTone)
    [Anonymous Symbol]                       0x08005050   Section        0  sounds.o(.text.playInputTune)
    [Anonymous Symbol]                       0x080050bc   Section        0  sounds.o(.text.playInputTune2)
    [Anonymous Symbol]                       0x0800512c   Section        0  sounds.o(.text.playStartupTune)
    [Anonymous Symbol]                       0x080051b4   Section        0  phaseouts.o(.text.proportionalBrake)
    [Anonymous Symbol]                       0x0800522c   Section        0  eeprom.o(.text.read_flash_bin)
    [Anonymous Symbol]                       0x08005290   Section        0  io.o(.text.receiveDshotDma)
    [Anonymous Symbol]                       0x08005304   Section        0  main.o(.text.saveEEpromSettings)
    [Anonymous Symbol]                       0x08005388   Section        0  eeprom.o(.text.save_flash_nolib)
    [Anonymous Symbol]                       0x08005508   Section        0  io.o(.text.sendDshotDma)
    [Anonymous Symbol]                       0x08005594   Section        0  sounds.o(.text.setVolume)
    [Anonymous Symbol]                       0x080055a8   Section        0  main.o(.text.tenKhzRoutine)
    [Anonymous Symbol]                       0x08005c74   Section        0  signal.o(.text.transfercomplete)
    x$fpl$exception                          0x08005db4   Section      440  except.o(x$fpl$exception)
    x$fpl$fadd                               0x08005f6c   Section      320  faddsub_clz.o(x$fpl$fadd)
    _fadd1                                   0x08005f91   Thumb Code     0  faddsub_clz.o(x$fpl$fadd)
    fadd_zerodenorm                          0x0800603d   Thumb Code     0  faddsub_clz.o(x$fpl$fadd)
    fsub_bzero                               0x0800607d   Thumb Code     0  faddsub_clz.o(x$fpl$fadd)
    x$fpl$fcmp                               0x080060ac   Section       84  fcmp.o(x$fpl$fcmp)
    x$fpl$fcmpinf                            0x08006100   Section       24  fcmpi.o(x$fpl$fcmpinf)
    _fdiv1                                   0x08006119   Thumb Code     0  fdiv.o(x$fpl$fdiv)
    x$fpl$fdiv                               0x08006118   Section      444  fdiv.o(x$fpl$fdiv)
    x$fpl$feqf                               0x080062d4   Section       96  feqf.o(x$fpl$feqf)
    x$fpl$ffix                               0x08006334   Section       68  ffix.o(x$fpl$ffix)
    x$fpl$fflt                               0x08006378   Section       48  fflt_clz.o(x$fpl$fflt)
    x$fpl$ffltu                              0x080063a8   Section       38  fflt_clz.o(x$fpl$ffltu)
    x$fpl$fgeqf                              0x080063d0   Section      100  fgeqf.o(x$fpl$fgeqf)
    x$fpl$fleqf                              0x08006434   Section      100  fleqf.o(x$fpl$fleqf)
    x$fpl$fmul                               0x08006498   Section      296  fmul.o(x$fpl$fmul)
    x$fpl$fnaninf                            0x080065c0   Section      246  fnaninf.o(x$fpl$fnaninf)
    x$fpl$fnorm2                             0x080066b6   Section       74  fnorm2_clz.o(x$fpl$fnorm2)
    x$fpl$fpinit                             0x08006700   Section       14  fpinit.o(x$fpl$fpinit)
    x$fpl$fretinf                            0x0800670e   Section       10  fretinf.o(x$fpl$fretinf)
    x$fpl$fsub                               0x08006718   Section      322  faddsub_clz.o(x$fpl$fsub)
    _fsub1                                   0x0800673d   Thumb Code     0  faddsub_clz.o(x$fpl$fsub)
    fsub_uncommon_first                      0x080067f7   Thumb Code     0  faddsub_clz.o(x$fpl$fsub)
    fsub_zerodenorm                          0x08006815   Thumb Code     0  faddsub_clz.o(x$fpl$fsub)
    x$fpl$funder                             0x0800685a   Section      298  funder_clz.o(x$fpl$funder)
    x$fpl$retnan                             0x08006984   Section      178  retnan.o(x$fpl$retnan)
    x$fpl$trapveneer                         0x08006a36   Section      144  trapv.o(x$fpl$trapveneer)
    x$fpl$usenofp                            0x08006ac6   Section        0  usenofp.o(x$fpl$usenofp)
    .L_MergedGlobals                         0x20000000   Data          88  main.o(.data..L_MergedGlobals)
    .L_MergedGlobals                         0x20000058   Data          12  io.o(.data..L_MergedGlobals)
    .L_MergedGlobals.1                       0x20000064   Data         120  main.o(.data..L_MergedGlobals.1)
    .bss                                     0x200003b8   Section       96  libspace.o(.bss)
    .L_MergedGlobals                         0x20000418   Data          88  dshot.o(.bss..L_MergedGlobals)
    .L_MergedGlobals                         0x20000470   Data          16  signal.o(.bss..L_MergedGlobals)
    .L_MergedGlobals.1                       0x20000480   Data          12  io.o(.bss..L_MergedGlobals.1)
    .L_MergedGlobals.2                       0x2000048c   Data         124  main.o(.bss..L_MergedGlobals.2)
    .L_MergedGlobals.3                       0x20000508   Data          80  main.o(.bss..L_MergedGlobals.3)
    Heap_Mem                                 0x20000780   Data         512  startup_at32f421k8u7.o(HEAP)
    HEAP                                     0x20000780   Section      512  startup_at32f421k8u7.o(HEAP)
    Stack_Mem                                0x20000980   Data        1024  startup_at32f421k8u7.o(STACK)
    STACK                                    0x20000980   Section     1024  startup_at32f421k8u7.o(STACK)
    __initial_sp                             0x20000d80   Data           0  startup_at32f421k8u7.o(STACK)

    Global Symbols

    Symbol Name                              Value     Ov Type        Size  Object(Section)

    BuildAttributes$$THM_ISAv4$E$P$D$K$B$S$7EM$PE$A:L22UL41UL21$X:L11$S22US41US21$IEEE1$IW$~IW$USESV6$~STKCKD$USESV7$~SHL$OTIME$ROPI$IEEEF$EBA8$UX$STANDARDLIB$REQ8$PRES8$EABIv2 0x00000000   Number         0  anon$$obj.o ABSOLUTE
    __ARM_exceptions_init                     - Undefined Weak Reference
    __alloca_initialize                       - Undefined Weak Reference
    __arm_preinit_                            - Undefined Weak Reference
    __cpp_initialize__aeabi_                  - Undefined Weak Reference
    __cxa_finalize                            - Undefined Weak Reference
    __rt_locale                               - Undefined Weak Reference
    __sigvec_lookup                           - Undefined Weak Reference
    _atexit_init                              - Undefined Weak Reference
    _call_atexit_fns                          - Undefined Weak Reference
    _clock_init                               - Undefined Weak Reference
    _fp_trap_big                              - Undefined Weak Reference
    _fp_trap_init                             - Undefined Weak Reference
    _fp_trap_shutdown                         - Undefined Weak Reference
    _get_lc_collate                           - Undefined Weak Reference
    _get_lc_ctype                             - Undefined Weak Reference
    _get_lc_monetary                          - Undefined Weak Reference
    _get_lc_numeric                           - Undefined Weak Reference
    _get_lc_time                              - Undefined Weak Reference
    _getenv_init                              - Undefined Weak Reference
    _handle_redirection                       - Undefined Weak Reference
    _init_alloc                               - Undefined Weak Reference
    _init_user_alloc                          - Undefined Weak Reference
    _initio                                   - Undefined Weak Reference
    _rand_init                                - Undefined Weak Reference
    _signal_finish                            - Undefined Weak Reference
    _signal_init                              - Undefined Weak Reference
    _terminate_alloc                          - Undefined Weak Reference
    _terminate_user_alloc                     - Undefined Weak Reference
    _terminateio                              - Undefined Weak Reference
    __Vectors_Size                           0x000000cc   Number         0  startup_at32f421k8u7.o ABSOLUTE
    __Vectors                                0x08001000   Data           4  startup_at32f421k8u7.o(RESET)
    __Vectors_End                            0x080010cc   Data           0  startup_at32f421k8u7.o(RESET)
    __main                                   0x080010cd   Thumb Code     8  __main.o(!!!main)
    __scatterload                            0x080010d5   Thumb Code     0  __scatter.o(!!!scatter)
    __scatterload_rt2                        0x080010d5   Thumb Code    44  __scatter.o(!!!scatter)
    __scatterload_rt2_thumb_only             0x080010d5   Thumb Code     0  __scatter.o(!!!scatter)
    __scatterload_null                       0x080010e3   Thumb Code     0  __scatter.o(!!!scatter)
    __decompress                             0x08001109   Thumb Code    90  __dczerorl2.o(!!dczerorl2)
    __decompress1                            0x08001109   Thumb Code     0  __dczerorl2.o(!!dczerorl2)
    __scatterload_zeroinit                   0x08001165   Thumb Code    28  __scatter_zi.o(!!handler_zi)
    __rt_lib_init                            0x08001181   Thumb Code     0  libinit.o(.ARM.Collect$$libinit$$00000000)
    __rt_lib_init_fp_1                       0x08001183   Thumb Code     0  libinit2.o(.ARM.Collect$$libinit$$00000001)
    __rt_lib_init_alloca_1                   0x08001187   Thumb Code     0  libinit2.o(.ARM.Collect$$libinit$$0000002E)
    __rt_lib_init_argv_1                     0x08001187   Thumb Code     0  libinit2.o(.ARM.Collect$$libinit$$0000002C)
    __rt_lib_init_atexit_1                   0x08001187   Thumb Code     0  libinit2.o(.ARM.Collect$$libinit$$0000001B)
    __rt_lib_init_clock_1                    0x08001187   Thumb Code     0  libinit2.o(.ARM.Collect$$libinit$$00000021)
    __rt_lib_init_cpp_1                      0x08001187   Thumb Code     0  libinit2.o(.ARM.Collect$$libinit$$00000032)
    __rt_lib_init_exceptions_1               0x08001187   Thumb Code     0  libinit2.o(.ARM.Collect$$libinit$$00000030)
    __rt_lib_init_fp_trap_1                  0x08001187   Thumb Code     0  libinit2.o(.ARM.Collect$$libinit$$0000001F)
    __rt_lib_init_getenv_1                   0x08001187   Thumb Code     0  libinit2.o(.ARM.Collect$$libinit$$00000023)
    __rt_lib_init_heap_1                     0x08001187   Thumb Code     0  libinit2.o(.ARM.Collect$$libinit$$0000000A)
    __rt_lib_init_lc_collate_1               0x08001187   Thumb Code     0  libinit2.o(.ARM.Collect$$libinit$$00000011)
    __rt_lib_init_lc_ctype_1                 0x08001187   Thumb Code     0  libinit2.o(.ARM.Collect$$libinit$$00000013)
    __rt_lib_init_lc_monetary_1              0x08001187   Thumb Code     0  libinit2.o(.ARM.Collect$$libinit$$00000015)
    __rt_lib_init_lc_numeric_1               0x08001187   Thumb Code     0  libinit2.o(.ARM.Collect$$libinit$$00000017)
    __rt_lib_init_lc_time_1                  0x08001187   Thumb Code     0  libinit2.o(.ARM.Collect$$libinit$$00000019)
    __rt_lib_init_preinit_1                  0x08001187   Thumb Code     0  libinit2.o(.ARM.Collect$$libinit$$00000004)
    __rt_lib_init_rand_1                     0x08001187   Thumb Code     0  libinit2.o(.ARM.Collect$$libinit$$0000000E)
    __rt_lib_init_return                     0x08001187   Thumb Code     0  libinit2.o(.ARM.Collect$$libinit$$00000033)
    __rt_lib_init_signal_1                   0x08001187   Thumb Code     0  libinit2.o(.ARM.Collect$$libinit$$0000001D)
    __rt_lib_init_stdio_1                    0x08001187   Thumb Code     0  libinit2.o(.ARM.Collect$$libinit$$00000025)
    __rt_lib_init_user_alloc_1               0x08001187   Thumb Code     0  libinit2.o(.ARM.Collect$$libinit$$0000000C)
    __rt_lib_shutdown                        0x08001189   Thumb Code     0  libshutdown.o(.ARM.Collect$$libshutdown$$00000000)
    __rt_lib_shutdown_cpp_1                  0x0800118b   Thumb Code     0  libshutdown2.o(.ARM.Collect$$libshutdown$$00000002)
    __rt_lib_shutdown_fp_trap_1              0x0800118b   Thumb Code     0  libshutdown2.o(.ARM.Collect$$libshutdown$$00000007)
    __rt_lib_shutdown_heap_1                 0x0800118b   Thumb Code     0  libshutdown2.o(.ARM.Collect$$libshutdown$$0000000F)
    __rt_lib_shutdown_return                 0x0800118b   Thumb Code     0  libshutdown2.o(.ARM.Collect$$libshutdown$$00000010)
    __rt_lib_shutdown_signal_1               0x0800118b   Thumb Code     0  libshutdown2.o(.ARM.Collect$$libshutdown$$0000000A)
    __rt_lib_shutdown_stdio_1                0x0800118b   Thumb Code     0  libshutdown2.o(.ARM.Collect$$libshutdown$$00000004)
    __rt_lib_shutdown_user_alloc_1           0x0800118b   Thumb Code     0  libshutdown2.o(.ARM.Collect$$libshutdown$$0000000C)
    __rt_entry                               0x0800118d   Thumb Code     0  __rtentry.o(.ARM.Collect$$rtentry$$00000000)
    __rt_entry_presh_1                       0x0800118d   Thumb Code     0  __rtentry2.o(.ARM.Collect$$rtentry$$00000002)
    __rt_entry_sh                            0x0800118d   Thumb Code     0  __rtentry4.o(.ARM.Collect$$rtentry$$00000004)
    __rt_entry_li                            0x08001193   Thumb Code     0  __rtentry2.o(.ARM.Collect$$rtentry$$0000000A)
    __rt_entry_postsh_1                      0x08001193   Thumb Code     0  __rtentry2.o(.ARM.Collect$$rtentry$$00000009)
    __rt_entry_main                          0x08001197   Thumb Code     0  __rtentry2.o(.ARM.Collect$$rtentry$$0000000D)
    __rt_entry_postli_1                      0x08001197   Thumb Code     0  __rtentry2.o(.ARM.Collect$$rtentry$$0000000C)
    __rt_exit                                0x0800119f   Thumb Code     0  rtexit.o(.ARM.Collect$$rtexit$$00000000)
    __rt_exit_ls                             0x080011a1   Thumb Code     0  rtexit2.o(.ARM.Collect$$rtexit$$00000003)
    __rt_exit_prels_1                        0x080011a1   Thumb Code     0  rtexit2.o(.ARM.Collect$$rtexit$$00000002)
    __rt_exit_exit                           0x080011a5   Thumb Code     0  rtexit2.o(.ARM.Collect$$rtexit$$00000004)
    Reset_Handler                            0x080011ad   Thumb Code     8  startup_at32f421k8u7.o(.text)
    DMA1_Channel1_IRQHandler                 0x080011c7   Thumb Code     0  startup_at32f421k8u7.o(.text)
    DMA1_Channel3_2_IRQHandler               0x080011c7   Thumb Code     0  startup_at32f421k8u7.o(.text)
    ERTC_IRQHandler                          0x080011c7   Thumb Code     0  startup_at32f421k8u7.o(.text)
    EXTI15_4_IRQHandler                      0x080011c7   Thumb Code     0  startup_at32f421k8u7.o(.text)
    EXTI1_0_IRQHandler                       0x080011c7   Thumb Code     0  startup_at32f421k8u7.o(.text)
    EXTI3_2_IRQHandler                       0x080011c7   Thumb Code     0  startup_at32f421k8u7.o(.text)
    FLASH_IRQHandler                         0x080011c7   Thumb Code     0  startup_at32f421k8u7.o(.text)
    I2C1_ER_IRQHandler                       0x080011c7   Thumb Code     0  startup_at32f421k8u7.o(.text)
    I2C1_EV_IRQHandler                       0x080011c7   Thumb Code     0  startup_at32f421k8u7.o(.text)
    I2C2_ER_IRQHandler                       0x080011c7   Thumb Code     0  startup_at32f421k8u7.o(.text)
    I2C2_EV_IRQHandler                       0x080011c7   Thumb Code     0  startup_at32f421k8u7.o(.text)
    PVD_IRQHandler                           0x080011c7   Thumb Code     0  startup_at32f421k8u7.o(.text)
    RCC_IRQHandler                           0x080011c7   Thumb Code     0  startup_at32f421k8u7.o(.text)
    SPI1_IRQHandler                          0x080011c7   Thumb Code     0  startup_at32f421k8u7.o(.text)
    SPI2_IRQHandler                          0x080011c7   Thumb Code     0  startup_at32f421k8u7.o(.text)
    TMR17_GLOBAL_IRQHandler                  0x080011c7   Thumb Code     0  startup_at32f421k8u7.o(.text)
    TMR1_BRK_UP_TRG_COM_IRQHandler           0x080011c7   Thumb Code     0  startup_at32f421k8u7.o(.text)
    TMR1_CC_IRQHandler                       0x080011c7   Thumb Code     0  startup_at32f421k8u7.o(.text)
    TMR6_GLOBAL_IRQHandler                   0x080011c7   Thumb Code     0  startup_at32f421k8u7.o(.text)
    USART2_IRQHandler                        0x080011c7   Thumb Code     0  startup_at32f421k8u7.o(.text)
    WWDG_IRQHandler                          0x080011c7   Thumb Code     0  startup_at32f421k8u7.o(.text)
    __user_initial_stackheap                 0x080011c9   Thumb Code     0  startup_at32f421k8u7.o(.text)
    __aeabi_memclr4                          0x080011ed   Thumb Code     0  rt_memclr_w.o(.text)
    __aeabi_memclr8                          0x080011ed   Thumb Code     0  rt_memclr_w.o(.text)
    __rt_memclr_w                            0x080011ed   Thumb Code     0  rt_memclr_w.o(.text)
    _memset_w                                0x080011f1   Thumb Code    74  rt_memclr_w.o(.text)
    __use_two_region_memory                  0x0800123b   Thumb Code     2  heapauxi.o(.text)
    __rt_heap_escrow$2region                 0x0800123d   Thumb Code     2  heapauxi.o(.text)
    __rt_heap_expand$2region                 0x0800123f   Thumb Code     2  heapauxi.o(.text)
    __rt_fp_status_addr                      0x08001241   Thumb Code     8  rt_fp_status_addr_intlibspace.o(.text)
    __user_libspace                          0x08001249   Thumb Code     8  libspace.o(.text)
    __user_perproc_libspace                  0x08001249   Thumb Code     0  libspace.o(.text)
    __user_perthread_libspace                0x08001249   Thumb Code     0  libspace.o(.text)
    __user_setup_stackheap                   0x08001251   Thumb Code    74  sys_stackheap_outer.o(.text)
    _fp_trap                                 0x0800129d   Thumb Code    44  _fptrap.o(.text)
    exit                                     0x080012cd   Thumb Code    18  exit.o(.text)
    __rt_SIGFPE                              0x080012df   Thumb Code    14  defsig_fpe_outer.o(.text)
    __sig_exit                               0x080012ed   Thumb Code    10  defsig_exit.o(.text)
    __rt_SIGFPE_inner                        0x080012f9   Thumb Code    62  defsig_fpe_inner.o(.text)
    _sys_exit                                0x080013a5   Thumb Code     8  sys_exit.o(.text)
    __default_signal_display                 0x080013b1   Thumb Code    50  defsig_general.o(.text)
    _ttywrch                                 0x080013e3   Thumb Code    14  sys_wrch.o(.text)
    __I$use$semihosting                      0x080013f1   Thumb Code     0  use_no_semi.o(.text)
    __use_no_semihosting_swi                 0x080013f1   Thumb Code     2  use_no_semi.o(.text)
    __semihosting_library_function           0x080013f3   Thumb Code     0  indicate_semi.o(.text)
    ADC_COMP_IRQHandler                      0x080013f5   Thumb Code    26  at32f4xx_it.o(.text.ADC_COMP_IRQHandler)
    ADC_SoftwareStartConvCtrl                0x08001411   Thumb Code    18  at32f4xx_adc.o(.text.ADC_SoftwareStartConvCtrl)
    BusFault_Handler                         0x08001425   Thumb Code     2  at32f4xx_it.o(.text.BusFault_Handler)
    COMP_Cmd                                 0x08001429   Thumb Code    28  at32f4xx_comp.o(.text.COMP_Cmd)
    COMP_GetOutputState                      0x08001445   Thumb Code    18  at32f4xx_comp.o(.text.COMP_GetOutputState)
    DMA1_Channel7_4_IRQHandler               0x08001459   Thumb Code   108  at32f4xx_it.o(.text.DMA1_Channel7_4_IRQHandler)
    DMA_GetFlagStatus                        0x080014c5   Thumb Code    16  at32f4xx_dma.o(.text.DMA_GetFlagStatus)
    DebugMon_Handler                         0x080014d5   Thumb Code     2  at32f4xx_it.o(.text.DebugMon_Handler)
    FLASH_ClearFlag                          0x080014d9   Thumb Code    12  at32f4xx_flash.o(.text.FLASH_ClearFlag)
    FLASH_ErasePage                          0x080014e5   Thumb Code  1142  at32f4xx_flash.o(.text.FLASH_ErasePage)
    FLASH_LockBank1                          0x0800195d   Thumb Code    18  at32f4xx_flash.o(.text.FLASH_LockBank1)
    FLASH_ProgramWord                        0x08001971   Thumb Code  1882  at32f4xx_flash.o(.text.FLASH_ProgramWord)
    FLASH_Unlock                             0x080020cd   Thumb Code    30  at32f4xx_flash.o(.text.FLASH_Unlock)
    GPIO_PinAFConfig                         0x080020ed   Thumb Code    40  at32f4xx_gpio_ex.o(.text.GPIO_PinAFConfig)
    HardFault_Handler                        0x08002115   Thumb Code     2  at32f4xx_it.o(.text.HardFault_Handler)
    IWDG_ReloadCounter                       0x08002119   Thumb Code    16  at32f4xx_iwdg.o(.text.IWDG_ReloadCounter)
    MX_IWDG_Init                             0x08002129   Thumb Code    38  peripherals.o(.text.MX_IWDG_Init)
    MemManage_Handler                        0x08002151   Thumb Code     2  at32f4xx_it.o(.text.MemManage_Handler)
    NMI_Handler                              0x08002155   Thumb Code     2  at32f4xx_it.o(.text.NMI_Handler)
    PendSV_Handler                           0x08002185   Thumb Code     2  at32f4xx_it.o(.text.PendSV_Handler)
    PeriodElapsedCallback                    0x08002189   Thumb Code   112  main.o(.text.PeriodElapsedCallback)
    RCC_AHBPeriphClockCmd                    0x080021f9   Thumb Code    24  at32f4xx_rcc.o(.text.RCC_AHBPeriphClockCmd)
    RCC_APB1PeriphClockCmd                   0x08002211   Thumb Code    24  at32f4xx_rcc.o(.text.RCC_APB1PeriphClockCmd)
    RCC_APB1PeriphResetCmd                   0x08002229   Thumb Code    24  at32f4xx_rcc.o(.text.RCC_APB1PeriphResetCmd)
    RCC_APB2PeriphClockCmd                   0x08002241   Thumb Code    24  at32f4xx_rcc.o(.text.RCC_APB2PeriphClockCmd)
    RCC_APB2PeriphResetCmd                   0x08002259   Thumb Code    24  at32f4xx_rcc.o(.text.RCC_APB2PeriphResetCmd)
    RCC_StepModeCmd                          0x08002271   Thumb Code    24  at32f4xx_rcc.o(.text.RCC_StepModeCmd)
    SVC_Handler                              0x08002289   Thumb Code     2  at32f4xx_it.o(.text.SVC_Handler)
    SysTick_Handler                          0x0800228d   Thumb Code     2  at32f4xx_it.o(.text.SysTick_Handler)
    SystemInit                               0x08002291   Thumb Code   372  system_at32f4xx.o(.text.SystemInit)
    TIM1_Init                                0x08002405   Thumb Code   270  peripherals.o(.text.TIM1_Init)
    TMR14_GLOBAL_IRQHandler                  0x08002515   Thumb Code    18  at32f4xx_it.o(.text.TMR14_GLOBAL_IRQHandler)
    TMR15_GLOBAL_IRQHandler                  0x08002529   Thumb Code    20  at32f4xx_it.o(.text.TMR15_GLOBAL_IRQHandler)
    TMR16_GLOBAL_IRQHandler                  0x0800253d   Thumb Code    16  at32f4xx_it.o(.text.TMR16_GLOBAL_IRQHandler)
    TMR3_GLOBAL_IRQHandler                   0x0800254d   Thumb Code    32  at32f4xx_it.o(.text.TMR3_GLOBAL_IRQHandler)
    TMR_ARPreloadConfig                      0x0800256d   Thumb Code    20  at32f4xx_tim.o(.text.TMR_ARPreloadConfig)
    TMR_CCxCmd                               0x08002581   Thumb Code    32  at32f4xx_tim.o(.text.TMR_CCxCmd)
    TMR_CCxNCmd                              0x080025a1   Thumb Code    32  at32f4xx_tim.o(.text.TMR_CCxNCmd)
    TMR_Cmd                                  0x080025c1   Thumb Code    18  at32f4xx_tim.o(.text.TMR_Cmd)
    TMR_DMACmd                               0x080025d5   Thumb Code    16  at32f4xx_tim.o(.text.TMR_DMACmd)
    TMR_OC1PreloadConfig                     0x080025e5   Thumb Code    12  at32f4xx_tim.o(.text.TMR_OC1PreloadConfig)
    TMR_OC2PreloadConfig                     0x080025f1   Thumb Code    14  at32f4xx_tim.o(.text.TMR_OC2PreloadConfig)
    TMR_OC3PreloadConfig                     0x08002601   Thumb Code    12  at32f4xx_tim.o(.text.TMR_OC3PreloadConfig)
    TMR_Reset                                0x0800260d   Thumb Code   278  at32f4xx_tim.o(.text.TMR_Reset)
    UN_TIM_Init                              0x08002725   Thumb Code   138  peripherals.o(.text.UN_TIM_Init)
    USART1_IRQHandler                        0x080027b1   Thumb Code     2  at32f4xx_it.o(.text.USART1_IRQHandler)
    UsageFault_Handler                       0x080027b5   Thumb Code     2  at32f4xx_it.o(.text.UsageFault_Handler)
    advanceincrement                         0x080027b9   Thumb Code   290  main.o(.text.advanceincrement)
    allOff                                   0x080028dd   Thumb Code   138  phaseouts.o(.text.allOff)
    allpwm                                   0x08002969   Thumb Code   186  phaseouts.o(.text.allpwm)
    changeCompInput                          0x08002a25   Thumb Code   130  comparator.o(.text.changeCompInput)
    changeToInput                            0x08002aa9   Thumb Code    68  io.o(.text.changeToInput)
    comStep                                  0x08002aed   Thumb Code   952  phaseouts.o(.text.comStep)
    commutate                                0x08002ea5   Thumb Code   376  main.o(.text.commutate)
    computeDshotDMA                          0x0800301d   Thumb Code  1200  dshot.o(.text.computeDshotDMA)
    computeServoInput                        0x080034cd   Thumb Code   468  signal.o(.text.computeServoInput)
    delayMicros                              0x080036a1   Thumb Code    44  functions.o(.text.delayMicros)
    delayMillis                              0x080036cd   Thumb Code    68  functions.o(.text.delayMillis)
    detectInput                              0x08003711   Thumb Code   438  io.o(.text.detectInput)
    enableCompInterrupts                     0x080038c9   Thumb Code    18  comparator.o(.text.enableCompInterrupts)
    fullBrake                                0x080038dd   Thumb Code   140  phaseouts.o(.text.fullBrake)
    getAbsDif                                0x08003969   Thumb Code     8  functions.o(.text.getAbsDif)
    gpio_mode_QUICK                          0x08003971   Thumb Code    22  functions.o(.text.gpio_mode_QUICK)
    gpio_mode_set                            0x08003989   Thumb Code    54  functions.o(.text.gpio_mode_set)
    initCorePeripherals                      0x080039c1   Thumb Code   388  peripherals.o(.text.initCorePeripherals)
    interruptRoutine                         0x08003b45   Thumb Code   228  main.o(.text.interruptRoutine)
    loadEEpromSettings                       0x08003c29   Thumb Code   772  main.o(.text.loadEEpromSettings)
    main                                     0x08003f2d   Thumb Code  3180  main.o(.text.main)
    make_dshot_package                       0x08004b99   Thumb Code   536  dshot.o(.text.make_dshot_package)
    map                                      0x08004db1   Thumb Code    40  functions.o(.text.map)
    maskPhaseInterrupts                      0x08004dd9   Thumb Code    24  comparator.o(.text.maskPhaseInterrupts)
    playBeaconTune3                          0x08004df1   Thumb Code   116  sounds.o(.text.playBeaconTune3)
    playBlueJayTune                          0x08004e65   Thumb Code   298  sounds.o(.text.playBlueJayTune)
    playChangedTone                          0x08004f91   Thumb Code    94  sounds.o(.text.playChangedTone)
    playDefaultTone                          0x08004ff1   Thumb Code    94  sounds.o(.text.playDefaultTone)
    playInputTune                            0x08005051   Thumb Code   108  sounds.o(.text.playInputTune)
    playInputTune2                           0x080050bd   Thumb Code   112  sounds.o(.text.playInputTune2)
    playStartupTune                          0x0800512d   Thumb Code   136  sounds.o(.text.playStartupTune)
    proportionalBrake                        0x080051b5   Thumb Code   120  phaseouts.o(.text.proportionalBrake)
    read_flash_bin                           0x0800522d   Thumb Code    98  eeprom.o(.text.read_flash_bin)
    receiveDshotDma                          0x08005291   Thumb Code   116  io.o(.text.receiveDshotDma)
    saveEEpromSettings                       0x08005305   Thumb Code   132  main.o(.text.saveEEpromSettings)
    save_flash_nolib                         0x08005389   Thumb Code   382  eeprom.o(.text.save_flash_nolib)
    sendDshotDma                             0x08005509   Thumb Code   138  io.o(.text.sendDshotDma)
    setVolume                                0x08005595   Thumb Code    20  sounds.o(.text.setVolume)
    tenKhzRoutine                            0x080055a9   Thumb Code  1738  main.o(.text.tenKhzRoutine)
    transfercomplete                         0x08005c75   Thumb Code   318  signal.o(.text.transfercomplete)
    __fpl_exception                          0x08005db5   Thumb Code   414  except.o(x$fpl$exception)
    __aeabi_fadd                             0x08005f6d   Thumb Code     0  faddsub_clz.o(x$fpl$fadd)
    _fadd                                    0x08005f6d   Thumb Code   320  faddsub_clz.o(x$fpl$fadd)
    __aeabi_fcmpeq                           0x080060ad   Thumb Code     0  fcmp.o(x$fpl$fcmp)
    _feq                                     0x080060ad   Thumb Code    14  fcmp.o(x$fpl$fcmp)
    _fneq                                    0x080060bb   Thumb Code    14  fcmp.o(x$fpl$fcmp)
    __aeabi_fcmpgt                           0x080060c9   Thumb Code     0  fcmp.o(x$fpl$fcmp)
    _fgr                                     0x080060c9   Thumb Code    14  fcmp.o(x$fpl$fcmp)
    __aeabi_fcmpge                           0x080060d7   Thumb Code     0  fcmp.o(x$fpl$fcmp)
    _fgeq                                    0x080060d7   Thumb Code    14  fcmp.o(x$fpl$fcmp)
    __aeabi_fcmple                           0x080060e5   Thumb Code     0  fcmp.o(x$fpl$fcmp)
    _fleq                                    0x080060e5   Thumb Code    14  fcmp.o(x$fpl$fcmp)
    __aeabi_fcmplt                           0x080060f3   Thumb Code     0  fcmp.o(x$fpl$fcmp)
    _fls                                     0x080060f3   Thumb Code    14  fcmp.o(x$fpl$fcmp)
    __fpl_fcmp_Inf                           0x08006101   Thumb Code    24  fcmpi.o(x$fpl$fcmpinf)
    __aeabi_fdiv                             0x08006119   Thumb Code     0  fdiv.o(x$fpl$fdiv)
    _fdiv                                    0x08006119   Thumb Code   440  fdiv.o(x$fpl$fdiv)
    __aeabi_cfcmpeq                          0x080062d5   Thumb Code     0  feqf.o(x$fpl$feqf)
    _fcmpeq                                  0x080062d5   Thumb Code    96  feqf.o(x$fpl$feqf)
    __aeabi_f2iz                             0x08006335   Thumb Code     0  ffix.o(x$fpl$ffix)
    _ffix                                    0x08006335   Thumb Code    64  ffix.o(x$fpl$ffix)
    __aeabi_i2f                              0x08006379   Thumb Code     0  fflt_clz.o(x$fpl$fflt)
    _fflt                                    0x08006379   Thumb Code    48  fflt_clz.o(x$fpl$fflt)
    __aeabi_ui2f                             0x080063a9   Thumb Code     0  fflt_clz.o(x$fpl$ffltu)
    _ffltu                                   0x080063a9   Thumb Code    38  fflt_clz.o(x$fpl$ffltu)
    _fcmpge                                  0x080063d1   Thumb Code   100  fgeqf.o(x$fpl$fgeqf)
    __aeabi_cfcmple                          0x08006435   Thumb Code     0  fleqf.o(x$fpl$fleqf)
    _fcmple                                  0x08006435   Thumb Code   100  fleqf.o(x$fpl$fleqf)
    __fpl_fcmple_InfNaN                      0x0800647b   Thumb Code     0  fleqf.o(x$fpl$fleqf)
    __aeabi_fmul                             0x08006499   Thumb Code     0  fmul.o(x$fpl$fmul)
    _fmul                                    0x08006499   Thumb Code   292  fmul.o(x$fpl$fmul)
    __fpl_fnaninf                            0x080065c1   Thumb Code   246  fnaninf.o(x$fpl$fnaninf)
    __fpl_normalise2                         0x080066b7   Thumb Code    74  fnorm2_clz.o(x$fpl$fnorm2)
    _fp_init                                 0x08006701   Thumb Code    14  fpinit.o(x$fpl$fpinit)
    __fplib_config_pureend_doubles           0x0800670d   Thumb Code     0  fpinit.o(x$fpl$fpinit)
    __fpl_fretinf                            0x0800670f   Thumb Code    10  fretinf.o(x$fpl$fretinf)
    __aeabi_fsub                             0x08006719   Thumb Code     0  faddsub_clz.o(x$fpl$fsub)
    _fsub                                    0x08006719   Thumb Code   322  faddsub_clz.o(x$fpl$fsub)
    __funder                                 0x0800685b   Thumb Code   218  funder_clz.o(x$fpl$funder)
    __funder_d                               0x08006935   Thumb Code    80  funder_clz.o(x$fpl$funder)
    __fpl_return_NaN                         0x08006985   Thumb Code   178  retnan.o(x$fpl$retnan)
    _fp_trapveneer                           0x08006a37   Thumb Code    36  trapv.o(x$fpl$trapveneer)
    __fpl_cmpreturn                          0x08006a5b   Thumb Code   108  trapv.o(x$fpl$trapveneer)
    __I$use$fp                               0x08006ac6   Number         0  usenofp.o(x$fpl$usenofp)
    gcr_encode_table                         0x08006ac6   Data          16  dshot.o(.rodata.gcr_encode_table)
    Region$$Table$$Base                      0x08006ad8   Number         0  anon$$obj.o(Region$$Table)
    Region$$Table$$Limit                     0x08006af8   Number         0  anon$$obj.o(Region$$Table)
    eeprom_layout_version                    0x20000000   Data           1  main.o(.data..L_MergedGlobals)
    comp_pwm                                 0x20000001   Data           1  main.o(.data..L_MergedGlobals)
    VARIABLE_PWM                             0x20000002   Data           1  main.o(.data..L_MergedGlobals)
    stuck_rotor_protection                   0x20000003   Data           1  main.o(.data..L_MergedGlobals)
    telemetry_interval_ms                    0x20000004   Data           1  main.o(.data..L_MergedGlobals)
    TEMPERATURE_LIMIT                        0x20000005   Data           1  main.o(.data..L_MergedGlobals)
    advance_level                            0x20000006   Data           1  main.o(.data..L_MergedGlobals)
    motor_poles                              0x20000007   Data           1  main.o(.data..L_MergedGlobals)
    sine_mode_power                          0x20000008   Data           1  main.o(.data..L_MergedGlobals)
    drag_brake_strength                      0x20000009   Data           1  main.o(.data..L_MergedGlobals)
    driving_brake_strength                   0x2000000a   Data           1  main.o(.data..L_MergedGlobals)
    dead_time_override                       0x2000000b   Data           1  main.o(.data..L_MergedGlobals)
    sine_mode_changeover_thottle_level       0x2000000c   Data           1  main.o(.data..L_MergedGlobals)
    servo_dead_band                          0x2000000d   Data           1  main.o(.data..L_MergedGlobals)
    maximum_throttle_change_ramp             0x2000000e   Data           1  main.o(.data..L_MergedGlobals)
    low_rpm_throttle_limit                   0x2000000f   Data           1  main.o(.data..L_MergedGlobals)
    VOLTAGE_DIVIDER                          0x20000010   Data           1  main.o(.data..L_MergedGlobals)
    bemf_timeout                             0x20000011   Data           1  main.o(.data..L_MergedGlobals)
    reversing_dead_band                      0x20000012   Data           1  main.o(.data..L_MergedGlobals)
    max_duty_cycle_change                    0x20000013   Data           1  main.o(.data..L_MergedGlobals)
    fast_accel                               0x20000014   Data           1  main.o(.data..L_MergedGlobals)
    changeover_step                          0x20000015   Data           1  main.o(.data..L_MergedGlobals)
    filter_level                             0x20000016   Data           1  main.o(.data..L_MergedGlobals)
    advancedivisor                           0x20000017   Data           1  main.o(.data..L_MergedGlobals)
    rising                                   0x20000018   Data           1  main.o(.data..L_MergedGlobals)
    forward                                  0x20000019   Data           1  main.o(.data..L_MergedGlobals)
    min_bemf_counts_up                       0x2000001a   Data           1  main.o(.data..L_MergedGlobals)
    min_bemf_counts_down                     0x2000001b   Data           1  main.o(.data..L_MergedGlobals)
    step                                     0x2000001c   Data           1  main.o(.data..L_MergedGlobals)
    motor_kv                                 0x2000001e   Data           2  main.o(.data..L_MergedGlobals)
    CURRENT_LIMIT                            0x20000020   Data           2  main.o(.data..L_MergedGlobals)
    stall_protect_target_interval            0x20000022   Data           2  main.o(.data..L_MergedGlobals)
    enter_sine_angle                         0x20000024   Data           2  main.o(.data..L_MergedGlobals)
    servo_low_threshold                      0x20000026   Data           2  main.o(.data..L_MergedGlobals)
    servo_high_threshold                     0x20000028   Data           2  main.o(.data..L_MergedGlobals)
    servo_neutral                            0x2000002a   Data           2  main.o(.data..L_MergedGlobals)
    low_cell_volt_cutoff                     0x2000002c   Data           2  main.o(.data..L_MergedGlobals)
    use_current_limit_adjust                 0x2000002e   Data           2  main.o(.data..L_MergedGlobals)
    reverse_speed_threshold                  0x20000030   Data           2  main.o(.data..L_MergedGlobals)
    min_startup_duty                         0x20000032   Data           2  main.o(.data..L_MergedGlobals)
    sin_mode_min_s_d                         0x20000034   Data           2  main.o(.data..L_MergedGlobals)
    startup_max_duty_cycle                   0x20000036   Data           2  main.o(.data..L_MergedGlobals)
    minimum_duty_cycle                       0x20000038   Data           2  main.o(.data..L_MergedGlobals)
    stall_protect_minimum_duty               0x2000003a   Data           2  main.o(.data..L_MergedGlobals)
    tim1_arr                                 0x2000003c   Data           2  main.o(.data..L_MergedGlobals)
    TIMER1_MAX_ARR                           0x2000003e   Data           2  main.o(.data..L_MergedGlobals)
    duty_cycle_maximum                       0x20000040   Data           2  main.o(.data..L_MergedGlobals)
    low_rpm_level                            0x20000042   Data           2  main.o(.data..L_MergedGlobals)
    high_rpm_level                           0x20000044   Data           2  main.o(.data..L_MergedGlobals)
    throttle_max_at_low_rpm                  0x20000046   Data           2  main.o(.data..L_MergedGlobals)
    throttle_max_at_high_rpm                 0x20000048   Data           2  main.o(.data..L_MergedGlobals)
    step_delay                               0x2000004a   Data           2  main.o(.data..L_MergedGlobals)
    gate_drive_offset                        0x2000004c   Data           2  main.o(.data..L_MergedGlobals)
    commutation_interval                     0x2000004e   Data           2  main.o(.data..L_MergedGlobals)
    MAXIMUM_RPM_SPEED_CONTROL                0x20000050   Data           4  main.o(.data..L_MergedGlobals)
    MINIMUM_RPM_SPEED_CONTROL                0x20000054   Data           4  main.o(.data..L_MergedGlobals)
    ic_timer_prescaler                       0x20000058   Data           1  io.o(.data..L_MergedGlobals)
    buffer_divider                           0x20000059   Data           1  io.o(.data..L_MergedGlobals)
    buffersize                               0x2000005c   Data           4  io.o(.data..L_MergedGlobals)
    dshot_runout_timer                       0x20000060   Data           4  io.o(.data..L_MergedGlobals)
    speedPid                                 0x20000064   Data          40  main.o(.data..L_MergedGlobals.1)
    currentPid                               0x2000008c   Data          40  main.o(.data..L_MergedGlobals.1)
    stallPid                                 0x200000b4   Data          40  main.o(.data..L_MergedGlobals.1)
    armed_count_threshold                    0x200000dc   Data           2  main.o(.data.armed_count_threshold)
    max_servo_deviation                      0x200000e0   Data           4  signal.o(.data.max_servo_deviation)
    pwmSin                                   0x200000e4   Data         720  main.o(.data.pwmSin)
    __libspace_start                         0x200003b8   Data          96  libspace.o(.bss)
    __temporary_stack_top$libspace           0x20000418   Data           0  libspace.o(.bss)
    command_count                            0x20000418   Data           1  dshot.o(.bss..L_MergedGlobals)
    last_command                             0x20000419   Data           1  dshot.o(.bss..L_MergedGlobals)
    high_pin_count                           0x2000041a   Data           1  dshot.o(.bss..L_MergedGlobals)
    dshot_extended_telemetry                 0x2000041b   Data           1  dshot.o(.bss..L_MergedGlobals)
    send_extended_dshot                      0x2000041c   Data           2  dshot.o(.bss..L_MergedGlobals)
    dshot_frametime                          0x2000041e   Data           2  dshot.o(.bss..L_MergedGlobals)
    dshot_goodcounts                         0x20000420   Data           2  dshot.o(.bss..L_MergedGlobals)
    dshot_badcounts                          0x20000422   Data           2  dshot.o(.bss..L_MergedGlobals)
    shift_amount                             0x20000424   Data           4  dshot.o(.bss..L_MergedGlobals)
    dshot_full_number                        0x20000428   Data           4  dshot.o(.bss..L_MergedGlobals)
    gcrnumber                                0x2000042c   Data           4  dshot.o(.bss..L_MergedGlobals)
    dpulse                                   0x20000430   Data          64  dshot.o(.bss..L_MergedGlobals)
    enter_calibration_count                  0x20000470   Data           1  signal.o(.bss..L_MergedGlobals)
    calibration_required                     0x20000471   Data           1  signal.o(.bss..L_MergedGlobals)
    high_calibration_counts                  0x20000472   Data           1  signal.o(.bss..L_MergedGlobals)
    high_calibration_set                     0x20000473   Data           1  signal.o(.bss..L_MergedGlobals)
    low_calibration_counts                   0x20000474   Data           1  signal.o(.bss..L_MergedGlobals)
    last_high_threshold                      0x20000476   Data           2  signal.o(.bss..L_MergedGlobals)
    last_input                               0x20000478   Data           2  signal.o(.bss..L_MergedGlobals)
    servorawinput                            0x2000047c   Data           4  signal.o(.bss..L_MergedGlobals)
    out_put                                  0x20000480   Data           1  io.o(.bss..L_MergedGlobals.1)
    output_timer_prescaler                   0x20000481   Data           1  io.o(.bss..L_MergedGlobals.1)
    smallestnumber                           0x20000484   Data           4  io.o(.bss..L_MergedGlobals.1)
    average_signal_pulse                     0x20000488   Data           4  io.o(.bss..L_MergedGlobals.1)
    drive_by_rpm                             0x2000048c   Data           1  main.o(.bss..L_MergedGlobals.2)
    dir_reversed                             0x2000048d   Data           1  main.o(.bss..L_MergedGlobals.2)
    bi_direction                             0x2000048e   Data           1  main.o(.bss..L_MergedGlobals.2)
    brake_on_stop                            0x2000048f   Data           1  main.o(.bss..L_MergedGlobals.2)
    stall_protection                         0x20000490   Data           1  main.o(.bss..L_MergedGlobals.2)
    use_sin_start                            0x20000491   Data           1  main.o(.bss..L_MergedGlobals.2)
    TLM_ON_INTERVAL                          0x20000492   Data           1  main.o(.bss..L_MergedGlobals.2)
    USE_HALL_SENSOR                          0x20000493   Data           1  main.o(.bss..L_MergedGlobals.2)
    LOW_VOLTAGE_CUTOFF                       0x20000494   Data           1  main.o(.bss..L_MergedGlobals.2)
    RC_CAR_REVERSE                           0x20000495   Data           1  main.o(.bss..L_MergedGlobals.2)
    use_speed_control_loop                   0x20000496   Data           1  main.o(.bss..L_MergedGlobals.2)
    use_current_limit                        0x20000497   Data           1  main.o(.bss..L_MergedGlobals.2)
    desync_happened                          0x20000498   Data           1  main.o(.bss..L_MergedGlobals.2)
    crawler_mode                             0x20000499   Data           1  main.o(.bss..L_MergedGlobals.2)
    cell_count                               0x2000049a   Data           1  main.o(.bss..L_MergedGlobals.2)
    brushed_direction_set                    0x2000049b   Data           1  main.o(.bss..L_MergedGlobals.2)
    play_tone_flag                           0x2000049c   Data           1  main.o(.bss..L_MergedGlobals.2)
    desync_check                             0x2000049d   Data           1  main.o(.bss..L_MergedGlobals.2)
    adc_counter                              0x2000049e   Data           1  main.o(.bss..L_MergedGlobals.2)
    send_telemetry                           0x2000049f   Data           1  main.o(.bss..L_MergedGlobals.2)
    prop_brake_active                        0x200004a0   Data           1  main.o(.bss..L_MergedGlobals.2)
    old_routine                              0x200004a1   Data           1  main.o(.bss..L_MergedGlobals.2)
    readIndex                                0x200004a2   Data           1  main.o(.bss..L_MergedGlobals.2)
    bemf_timeout_happened                    0x200004a3   Data           1  main.o(.bss..L_MergedGlobals.2)
    running                                  0x200004a4   Data           1  main.o(.bss..L_MergedGlobals.2)
    stepper_sine                             0x200004a5   Data           1  main.o(.bss..L_MergedGlobals.2)
    stuckcounter                             0x200004a6   Data           1  main.o(.bss..L_MergedGlobals.2)
    bad_count                                0x200004a7   Data           1  main.o(.bss..L_MergedGlobals.2)
    armed                                    0x200004a8   Data           1  main.o(.bss..L_MergedGlobals.2)
    inputSet                                 0x200004a9   Data           1  main.o(.bss..L_MergedGlobals.2)
    dshot                                    0x200004aa   Data           1  main.o(.bss..L_MergedGlobals.2)
    servoPwm                                 0x200004ab   Data           1  main.o(.bss..L_MergedGlobals.2)
    zcfound                                  0x200004ac   Data           1  main.o(.bss..L_MergedGlobals.2)
    bemfcounter                              0x200004ad   Data           1  main.o(.bss..L_MergedGlobals.2)
    degrees_celsius                          0x200004ae   Data           1  main.o(.bss..L_MergedGlobals.2)
    temperature_offset                       0x200004af   Data           1  main.o(.bss..L_MergedGlobals.2)
    comp_change_time                         0x200004b0   Data           2  main.o(.bss..L_MergedGlobals.2)
    target_e_com_time                        0x200004b2   Data           2  main.o(.bss..L_MergedGlobals.2)
    low_voltage_count                        0x200004b4   Data           2  main.o(.bss..L_MergedGlobals.2)
    tenkhzcounter                            0x200004b6   Data           2  main.o(.bss..L_MergedGlobals.2)
    smoothed_raw_current                     0x200004b8   Data           2  main.o(.bss..L_MergedGlobals.2)
    actual_current                           0x200004ba   Data           2  main.o(.bss..L_MergedGlobals.2)
    low_pin_count                            0x200004bc   Data           2  main.o(.bss..L_MergedGlobals.2)
    last_duty_cycle                          0x200004be   Data           2  main.o(.bss..L_MergedGlobals.2)
    adjusted_input                           0x200004c0   Data           2  main.o(.bss..L_MergedGlobals.2)
    smoothedinput                            0x200004c2   Data           2  main.o(.bss..L_MergedGlobals.2)
    advance                                  0x200004c4   Data           2  main.o(.bss..L_MergedGlobals.2)
    zero_input_count                         0x200004c6   Data           2  main.o(.bss..L_MergedGlobals.2)
    input                                    0x200004c8   Data           2  main.o(.bss..L_MergedGlobals.2)
    newinput                                 0x200004ca   Data           2  main.o(.bss..L_MergedGlobals.2)
    duty_cycle                               0x200004cc   Data           2  main.o(.bss..L_MergedGlobals.2)
    waitTime                                 0x200004ce   Data           2  main.o(.bss..L_MergedGlobals.2)
    signaltimeout                            0x200004d0   Data           2  main.o(.bss..L_MergedGlobals.2)
    thiszctime                               0x200004d2   Data           2  main.o(.bss..L_MergedGlobals.2)
    battery_voltage                          0x200004d4   Data           2  main.o(.bss..L_MergedGlobals.2)
    armed_timeout_count                      0x200004d6   Data           2  main.o(.bss..L_MergedGlobals.2)
    telem_ms_count                           0x200004d8   Data           2  main.o(.bss..L_MergedGlobals.2)
    phase_A_position                         0x200004da   Data           2  main.o(.bss..L_MergedGlobals.2)
    phase_B_position                         0x200004dc   Data           2  main.o(.bss..L_MergedGlobals.2)
    phase_C_position                         0x200004de   Data           2  main.o(.bss..L_MergedGlobals.2)
    adjusted_duty_cycle                      0x200004e0   Data           2  main.o(.bss..L_MergedGlobals.2)
    ADC_raw_temp                             0x200004e2   Data           2  main.o(.bss..L_MergedGlobals.2)
    converted_degrees                        0x200004e4   Data           2  main.o(.bss..L_MergedGlobals.2)
    ADC_raw_volts                            0x200004e6   Data           2  main.o(.bss..L_MergedGlobals.2)
    ADC_raw_current                          0x200004e8   Data           2  main.o(.bss..L_MergedGlobals.2)
    e_rpm                                    0x200004ea   Data           2  main.o(.bss..L_MergedGlobals.2)
    k_erpm                                   0x200004ec   Data           2  main.o(.bss..L_MergedGlobals.2)
    input_override                           0x200004f0   Data           4  main.o(.bss..L_MergedGlobals.2)
    stall_protection_adjust                  0x200004f4   Data           4  main.o(.bss..L_MergedGlobals.2)
    consumed_current                         0x200004f8   Data           4  main.o(.bss..L_MergedGlobals.2)
    average_interval                         0x200004fc   Data           4  main.o(.bss..L_MergedGlobals.2)
    total                                    0x20000500   Data           4  main.o(.bss..L_MergedGlobals.2)
    e_com_time                               0x20000504   Data           4  main.o(.bss..L_MergedGlobals.2)
    zero_crosses                             0x20000508   Data           4  main.o(.bss..L_MergedGlobals.3)
    last_average_interval                    0x2000050c   Data           4  main.o(.bss..L_MergedGlobals.3)
    commutation_intervals                    0x20000510   Data          12  main.o(.bss..L_MergedGlobals.3)
    readings                                 0x2000051c   Data          60  main.o(.bss..L_MergedGlobals.3)
    beep_volume                              0x20000558   Data           1  sounds.o(.bss.beep_volume)
    dma_buffer                               0x2000055c   Data         256  io.o(.bss.dma_buffer)
    dshot_telemetry                          0x2000065c   Data           1  main.o(.bss.dshot_telemetry)
    dshotcommand                             0x2000065d   Data           1  main.o(.bss.dshotcommand)
    eepromBuffer                             0x2000065e   Data         176  main.o(.bss.eepromBuffer)
    gcr                                      0x20000710   Data         104  dshot.o(.bss.gcr)
    last_dshot_command                       0x20000778   Data           1  main.o(.bss.last_dshot_command)



==============================================================================

Memory Map of the image

  Image Entry point : 0x080010cd

  Load Region LR_IROM1 (Base: 0x08001000, Size: 0x00005eb0, Max: 0x0000ffff, ABSOLUTE, COMPRESSED[0x00005dd8])

    Execution Region ER_IROM1 (Exec base: 0x08001000, Load base: 0x08001000, Size: 0x00005af8, Max: 0x0000ffff, ABSOLUTE)

    Exec Addr    Load Addr    Size         Type   Attr      Idx    E Section Name        Object

    0x08001000   0x08001000   0x000000cc   Data   RO           10    RESET               startup_at32f421k8u7.o
    0x080010cc   0x080010cc   0x00000008   Code   RO         1147  * !!!main             c_w.l(__main.o)
    0x080010d4   0x080010d4   0x00000034   Code   RO         1319    !!!scatter          c_w.l(__scatter.o)
    0x08001108   0x08001108   0x0000005a   Code   RO         1318    !!dczerorl2         c_w.l(__dczerorl2.o)
    0x08001162   0x08001162   0x00000002   PAD
    0x08001164   0x08001164   0x0000001c   Code   RO         1320    !!handler_zi        c_w.l(__scatter_zi.o)
    0x08001180   0x08001180   0x00000002   Code   RO         1210    .ARM.Collect$$libinit$$00000000  c_w.l(libinit.o)
    0x08001182   0x08001182   0x00000004   Code   RO         1216    .ARM.Collect$$libinit$$00000001  c_w.l(libinit2.o)
    0x08001186   0x08001186   0x00000000   Code   RO         1219    .ARM.Collect$$libinit$$00000004  c_w.l(libinit2.o)
    0x08001186   0x08001186   0x00000000   Code   RO         1222    .ARM.Collect$$libinit$$0000000A  c_w.l(libinit2.o)
    0x08001186   0x08001186   0x00000000   Code   RO         1224    .ARM.Collect$$libinit$$0000000C  c_w.l(libinit2.o)
    0x08001186   0x08001186   0x00000000   Code   RO         1226    .ARM.Collect$$libinit$$0000000E  c_w.l(libinit2.o)
    0x08001186   0x08001186   0x00000000   Code   RO         1229    .ARM.Collect$$libinit$$00000011  c_w.l(libinit2.o)
    0x08001186   0x08001186   0x00000000   Code   RO         1231    .ARM.Collect$$libinit$$00000013  c_w.l(libinit2.o)
    0x08001186   0x08001186   0x00000000   Code   RO         1233    .ARM.Collect$$libinit$$00000015  c_w.l(libinit2.o)
    0x08001186   0x08001186   0x00000000   Code   RO         1235    .ARM.Collect$$libinit$$00000017  c_w.l(libinit2.o)
    0x08001186   0x08001186   0x00000000   Code   RO         1237    .ARM.Collect$$libinit$$00000019  c_w.l(libinit2.o)
    0x08001186   0x08001186   0x00000000   Code   RO         1239    .ARM.Collect$$libinit$$0000001B  c_w.l(libinit2.o)
    0x08001186   0x08001186   0x00000000   Code   RO         1241    .ARM.Collect$$libinit$$0000001D  c_w.l(libinit2.o)
    0x08001186   0x08001186   0x00000000   Code   RO         1243    .ARM.Collect$$libinit$$0000001F  c_w.l(libinit2.o)
    0x08001186   0x08001186   0x00000000   Code   RO         1245    .ARM.Collect$$libinit$$00000021  c_w.l(libinit2.o)
    0x08001186   0x08001186   0x00000000   Code   RO         1247    .ARM.Collect$$libinit$$00000023  c_w.l(libinit2.o)
    0x08001186   0x08001186   0x00000000   Code   RO         1249    .ARM.Collect$$libinit$$00000025  c_w.l(libinit2.o)
    0x08001186   0x08001186   0x00000000   Code   RO         1253    .ARM.Collect$$libinit$$0000002C  c_w.l(libinit2.o)
    0x08001186   0x08001186   0x00000000   Code   RO         1255    .ARM.Collect$$libinit$$0000002E  c_w.l(libinit2.o)
    0x08001186   0x08001186   0x00000000   Code   RO         1257    .ARM.Collect$$libinit$$00000030  c_w.l(libinit2.o)
    0x08001186   0x08001186   0x00000000   Code   RO         1259    .ARM.Collect$$libinit$$00000032  c_w.l(libinit2.o)
    0x08001186   0x08001186   0x00000002   Code   RO         1260    .ARM.Collect$$libinit$$00000033  c_w.l(libinit2.o)
    0x08001188   0x08001188   0x00000002   Code   RO         1281    .ARM.Collect$$libshutdown$$00000000  c_w.l(libshutdown.o)
    0x0800118a   0x0800118a   0x00000000   Code   RO         1293    .ARM.Collect$$libshutdown$$00000002  c_w.l(libshutdown2.o)
    0x0800118a   0x0800118a   0x00000000   Code   RO         1295    .ARM.Collect$$libshutdown$$00000004  c_w.l(libshutdown2.o)
    0x0800118a   0x0800118a   0x00000000   Code   RO         1298    .ARM.Collect$$libshutdown$$00000007  c_w.l(libshutdown2.o)
    0x0800118a   0x0800118a   0x00000000   Code   RO         1301    .ARM.Collect$$libshutdown$$0000000A  c_w.l(libshutdown2.o)
    0x0800118a   0x0800118a   0x00000000   Code   RO         1303    .ARM.Collect$$libshutdown$$0000000C  c_w.l(libshutdown2.o)
    0x0800118a   0x0800118a   0x00000000   Code   RO         1306    .ARM.Collect$$libshutdown$$0000000F  c_w.l(libshutdown2.o)
    0x0800118a   0x0800118a   0x00000002   Code   RO         1307    .ARM.Collect$$libshutdown$$00000010  c_w.l(libshutdown2.o)
    0x0800118c   0x0800118c   0x00000000   Code   RO         1162    .ARM.Collect$$rtentry$$00000000  c_w.l(__rtentry.o)
    0x0800118c   0x0800118c   0x00000000   Code   RO         1180    .ARM.Collect$$rtentry$$00000002  c_w.l(__rtentry2.o)
    0x0800118c   0x0800118c   0x00000006   Code   RO         1192    .ARM.Collect$$rtentry$$00000004  c_w.l(__rtentry4.o)
    0x08001192   0x08001192   0x00000000   Code   RO         1182    .ARM.Collect$$rtentry$$00000009  c_w.l(__rtentry2.o)
    0x08001192   0x08001192   0x00000004   Code   RO         1183    .ARM.Collect$$rtentry$$0000000A  c_w.l(__rtentry2.o)
    0x08001196   0x08001196   0x00000000   Code   RO         1185    .ARM.Collect$$rtentry$$0000000C  c_w.l(__rtentry2.o)
    0x08001196   0x08001196   0x00000008   Code   RO         1186    .ARM.Collect$$rtentry$$0000000D  c_w.l(__rtentry2.o)
    0x0800119e   0x0800119e   0x00000002   Code   RO         1212    .ARM.Collect$$rtexit$$00000000  c_w.l(rtexit.o)
    0x080011a0   0x080011a0   0x00000000   Code   RO         1263    .ARM.Collect$$rtexit$$00000002  c_w.l(rtexit2.o)
    0x080011a0   0x080011a0   0x00000004   Code   RO         1264    .ARM.Collect$$rtexit$$00000003  c_w.l(rtexit2.o)
    0x080011a4   0x080011a4   0x00000006   Code   RO         1265    .ARM.Collect$$rtexit$$00000004  c_w.l(rtexit2.o)
    0x080011aa   0x080011aa   0x00000002   PAD
    0x080011ac   0x080011ac   0x00000040   Code   RO           11    .text               startup_at32f421k8u7.o
    0x080011ec   0x080011ec   0x0000004e   Code   RO         1145    .text               c_w.l(rt_memclr_w.o)
    0x0800123a   0x0800123a   0x00000006   Code   RO         1146    .text               c_w.l(heapauxi.o)
    0x08001240   0x08001240   0x00000008   Code   RO         1196    .text               c_w.l(rt_fp_status_addr_intlibspace.o)
    0x08001248   0x08001248   0x00000008   Code   RO         1202    .text               c_w.l(libspace.o)
    0x08001250   0x08001250   0x0000004a   Code   RO         1204    .text               c_w.l(sys_stackheap_outer.o)
    0x0800129a   0x0800129a   0x00000002   PAD
    0x0800129c   0x0800129c   0x00000030   Code   RO         1205    .text               c_w.l(_fptrap.o)
    0x080012cc   0x080012cc   0x00000012   Code   RO         1206    .text               c_w.l(exit.o)
    0x080012de   0x080012de   0x0000000e   Code   RO         1214    .text               c_w.l(defsig_fpe_outer.o)
    0x080012ec   0x080012ec   0x0000000a   Code   RO         1270    .text               c_w.l(defsig_exit.o)
    0x080012f6   0x080012f6   0x00000002   PAD
    0x080012f8   0x080012f8   0x000000ac   Code   RO         1271    .text               c_w.l(defsig_fpe_inner.o)
    0x080013a4   0x080013a4   0x0000000c   Code   RO         1274    .text               c_w.l(sys_exit.o)
    0x080013b0   0x080013b0   0x00000032   Code   RO         1277    .text               c_w.l(defsig_general.o)
    0x080013e2   0x080013e2   0x0000000e   Code   RO         1282    .text               c_w.l(sys_wrch.o)
    0x080013f0   0x080013f0   0x00000002   Code   RO         1286    .text               c_w.l(use_no_semi.o)
    0x080013f2   0x080013f2   0x00000000   Code   RO         1287    .text               c_w.l(indicate_semi.o)
    0x080013f2   0x080013f2   0x00000002   PAD
    0x080013f4   0x080013f4   0x0000001a   Code   RO           33    .text.ADC_COMP_IRQHandler  at32f4xx_it.o
    0x0800140e   0x0800140e   0x00000002   PAD
    0x08001410   0x08001410   0x00000012   Code   RO          275    .text.ADC_SoftwareStartConvCtrl  at32f4xx_adc.o
    0x08001422   0x08001422   0x00000002   PAD
    0x08001424   0x08001424   0x00000002   Code   RO           19    .text.BusFault_Handler  at32f4xx_it.o
    0x08001426   0x08001426   0x00000002   PAD
    0x08001428   0x08001428   0x0000001c   Code   RO          338    .text.COMP_Cmd      at32f4xx_comp.o
    0x08001444   0x08001444   0x00000012   Code   RO          342    .text.COMP_GetOutputState  at32f4xx_comp.o
    0x08001456   0x08001456   0x00000002   PAD
    0x08001458   0x08001458   0x0000006c   Code   RO           31    .text.DMA1_Channel7_4_IRQHandler  at32f4xx_it.o
    0x080014c4   0x080014c4   0x00000010   Code   RO          390    .text.DMA_GetFlagStatus  at32f4xx_dma.o
    0x080014d4   0x080014d4   0x00000002   Code   RO           25    .text.DebugMon_Handler  at32f4xx_it.o
    0x080014d6   0x080014d6   0x00000002   PAD
    0x080014d8   0x080014d8   0x0000000c   Code   RO          572    .text.FLASH_ClearFlag  at32f4xx_flash.o
    0x080014e4   0x080014e4   0x00000476   Code   RO          536    .text.FLASH_ErasePage  at32f4xx_flash.o
    0x0800195a   0x0800195a   0x00000002   PAD
    0x0800195c   0x0800195c   0x00000012   Code   RO          534    .text.FLASH_LockBank1  at32f4xx_flash.o
    0x0800196e   0x0800196e   0x00000002   PAD
    0x08001970   0x08001970   0x0000075a   Code   RO          550    .text.FLASH_ProgramWord  at32f4xx_flash.o
    0x080020ca   0x080020ca   0x00000002   PAD
    0x080020cc   0x080020cc   0x0000001e   Code   RO          528    .text.FLASH_Unlock  at32f4xx_flash.o
    0x080020ea   0x080020ea   0x00000002   PAD
    0x080020ec   0x080020ec   0x00000028   Code   RO          628    .text.GPIO_PinAFConfig  at32f4xx_gpio_ex.o
    0x08002114   0x08002114   0x00000002   Code   RO           15    .text.HardFault_Handler  at32f4xx_it.o
    0x08002116   0x08002116   0x00000002   PAD
    0x08002118   0x08002118   0x00000010   Code   RO          705    .text.IWDG_ReloadCounter  at32f4xx_iwdg.o
    0x08002128   0x08002128   0x00000026   Code   RO          182    .text.MX_IWDG_Init  peripherals.o
    0x0800214e   0x0800214e   0x00000002   PAD
    0x08002150   0x08002150   0x00000002   Code   RO           17    .text.MemManage_Handler  at32f4xx_it.o
    0x08002152   0x08002152   0x00000002   PAD
    0x08002154   0x08002154   0x00000002   Code   RO           13    .text.NMI_Handler   at32f4xx_it.o
    0x08002156   0x08002156   0x00000002   PAD
    0x08002158   0x08002158   0x0000002a   Code   RO           50    .text.NVIC_SystemReset  main.o
    0x08002182   0x08002182   0x00000002   PAD
    0x08002184   0x08002184   0x00000002   Code   RO           27    .text.PendSV_Handler  at32f4xx_it.o
    0x08002186   0x08002186   0x00000002   PAD
    0x08002188   0x08002188   0x00000070   Code   RO           64    .text.PeriodElapsedCallback  main.o
    0x080021f8   0x080021f8   0x00000018   Code   RO          783    .text.RCC_AHBPeriphClockCmd  at32f4xx_rcc.o
    0x08002210   0x08002210   0x00000018   Code   RO          787    .text.RCC_APB1PeriphClockCmd  at32f4xx_rcc.o
    0x08002228   0x08002228   0x00000018   Code   RO          793    .text.RCC_APB1PeriphResetCmd  at32f4xx_rcc.o
    0x08002240   0x08002240   0x00000018   Code   RO          785    .text.RCC_APB2PeriphClockCmd  at32f4xx_rcc.o
    0x08002258   0x08002258   0x00000018   Code   RO          791    .text.RCC_APB2PeriphResetCmd  at32f4xx_rcc.o
    0x08002270   0x08002270   0x00000018   Code   RO          807    .text.RCC_StepModeCmd  at32f4xx_rcc.o
    0x08002288   0x08002288   0x00000002   Code   RO           23    .text.SVC_Handler   at32f4xx_it.o
    0x0800228a   0x0800228a   0x00000002   PAD
    0x0800228c   0x0800228c   0x00000002   Code   RO           29    .text.SysTick_Handler  at32f4xx_it.o
    0x0800228e   0x0800228e   0x00000002   PAD
    0x08002290   0x08002290   0x00000174   Code   RO            2    .text.SystemInit    system_at32f4xx.o
    0x08002404   0x08002404   0x0000010e   Code   RO          166    .text.TIM1_Init     peripherals.o
    0x08002512   0x08002512   0x00000002   PAD
    0x08002514   0x08002514   0x00000012   Code   RO           35    .text.TMR14_GLOBAL_IRQHandler  at32f4xx_it.o
    0x08002526   0x08002526   0x00000002   PAD
    0x08002528   0x08002528   0x00000014   Code   RO           39    .text.TMR15_GLOBAL_IRQHandler  at32f4xx_it.o
    0x0800253c   0x0800253c   0x00000010   Code   RO           37    .text.TMR16_GLOBAL_IRQHandler  at32f4xx_it.o
    0x0800254c   0x0800254c   0x00000020   Code   RO           43    .text.TMR3_GLOBAL_IRQHandler  at32f4xx_it.o
    0x0800256c   0x0800256c   0x00000014   Code   RO          951    .text.TMR_ARPreloadConfig  at32f4xx_tim.o
    0x08002580   0x08002580   0x00000020   Code   RO          997    .text.TMR_CCxCmd    at32f4xx_tim.o
    0x080025a0   0x080025a0   0x00000020   Code   RO          999    .text.TMR_CCxNCmd   at32f4xx_tim.o
    0x080025c0   0x080025c0   0x00000012   Code   RO          911    .text.TMR_Cmd       at32f4xx_tim.o
    0x080025d2   0x080025d2   0x00000002   PAD
    0x080025d4   0x080025d4   0x00000010   Code   RO          921    .text.TMR_DMACmd    at32f4xx_tim.o
    0x080025e4   0x080025e4   0x0000000c   Code   RO          959    .text.TMR_OC1PreloadConfig  at32f4xx_tim.o
    0x080025f0   0x080025f0   0x0000000e   Code   RO          961    .text.TMR_OC2PreloadConfig  at32f4xx_tim.o
    0x080025fe   0x080025fe   0x00000002   PAD
    0x08002600   0x08002600   0x0000000c   Code   RO          963    .text.TMR_OC3PreloadConfig  at32f4xx_tim.o
    0x0800260c   0x0800260c   0x00000116   Code   RO          877    .text.TMR_Reset     at32f4xx_tim.o
    0x08002722   0x08002722   0x00000002   PAD
    0x08002724   0x08002724   0x0000008a   Code   RO          178    .text.UN_TIM_Init   peripherals.o
    0x080027ae   0x080027ae   0x00000002   PAD
    0x080027b0   0x080027b0   0x00000002   Code   RO           41    .text.USART1_IRQHandler  at32f4xx_it.o
    0x080027b2   0x080027b2   0x00000002   PAD
    0x080027b4   0x080027b4   0x00000002   Code   RO           21    .text.UsageFault_Handler  at32f4xx_it.o
    0x080027b6   0x080027b6   0x00000002   PAD
    0x080027b8   0x080027b8   0x00000122   Code   RO           72    .text.advanceincrement  main.o
    0x080028da   0x080028da   0x00000002   PAD
    0x080028dc   0x080028dc   0x0000008a   Code   RO          205    .text.allOff        phaseouts.o
    0x08002966   0x08002966   0x00000002   PAD
    0x08002968   0x08002968   0x000000ba   Code   RO          211    .text.allpwm        phaseouts.o
    0x08002a22   0x08002a22   0x00000002   PAD
    0x08002a24   0x08002a24   0x00000082   Code   RO          121    .text.changeCompInput  comparator.o
    0x08002aa6   0x08002aa6   0x00000002   PAD
    0x08002aa8   0x08002aa8   0x00000044   Code   RO          147    .text.changeToInput  io.o
    0x08002aec   0x08002aec   0x000003b8   Code   RO          207    .text.comStep       phaseouts.o
    0x08002ea4   0x08002ea4   0x00000178   Code   RO           62    .text.commutate     main.o
    0x0800301c   0x0800301c   0x000004b0   Code   RO          124    .text.computeDshotDMA  dshot.o
    0x080034cc   0x080034cc   0x000001d4   Code   RO          217    .text.computeServoInput  signal.o
    0x080036a0   0x080036a0   0x0000002c   Code   RO          140    .text.delayMicros   functions.o
    0x080036cc   0x080036cc   0x00000044   Code   RO          142    .text.delayMillis   functions.o
    0x08003710   0x08003710   0x000001b6   Code   RO          153    .text.detectInput   io.o
    0x080038c6   0x080038c6   0x00000002   PAD
    0x080038c8   0x080038c8   0x00000012   Code   RO          119    .text.enableCompInterrupts  comparator.o
    0x080038da   0x080038da   0x00000002   PAD
    0x080038dc   0x080038dc   0x0000008c   Code   RO          209    .text.fullBrake     phaseouts.o
    0x08003968   0x08003968   0x00000008   Code   RO          138    .text.getAbsDif     functions.o
    0x08003970   0x08003970   0x00000016   Code   RO          134    .text.gpio_mode_QUICK  functions.o
    0x08003986   0x08003986   0x00000002   PAD
    0x08003988   0x08003988   0x00000036   Code   RO          132    .text.gpio_mode_set  functions.o
    0x080039be   0x080039be   0x00000002   PAD
    0x080039c0   0x080039c0   0x00000184   Code   RO          160    .text.initCorePeripherals  peripherals.o
    0x08003b44   0x08003b44   0x000000e4   Code   RO           66    .text.interruptRoutine  main.o
    0x08003c28   0x08003c28   0x00000304   Code   RO           54    .text.loadEEpromSettings  main.o
    0x08003f2c   0x08003f2c   0x00000c6c   Code   RO           76    .text.main          main.o
    0x08004b98   0x08004b98   0x00000218   Code   RO          126    .text.make_dshot_package  dshot.o
    0x08004db0   0x08004db0   0x00000028   Code   RO          136    .text.map           functions.o
    0x08004dd8   0x08004dd8   0x00000018   Code   RO          117    .text.maskPhaseInterrupts  comparator.o
    0x08004df0   0x08004df0   0x00000074   Code   RO          250    .text.playBeaconTune3  sounds.o
    0x08004e64   0x08004e64   0x0000012a   Code   RO          234    .text.playBlueJayTune  sounds.o
    0x08004f8e   0x08004f8e   0x00000002   PAD
    0x08004f90   0x08004f90   0x0000005e   Code   RO          248    .text.playChangedTone  sounds.o
    0x08004fee   0x08004fee   0x00000002   PAD
    0x08004ff0   0x08004ff0   0x0000005e   Code   RO          246    .text.playDefaultTone  sounds.o
    0x0800504e   0x0800504e   0x00000002   PAD
    0x08005050   0x08005050   0x0000006c   Code   RO          244    .text.playInputTune  sounds.o
    0x080050bc   0x080050bc   0x00000070   Code   RO          242    .text.playInputTune2  sounds.o
    0x0800512c   0x0800512c   0x00000088   Code   RO          236    .text.playStartupTune  sounds.o
    0x080051b4   0x080051b4   0x00000078   Code   RO          185    .text.proportionalBrake  phaseouts.o
    0x0800522c   0x0800522c   0x00000062   Code   RO          113    .text.read_flash_bin  eeprom.o
    0x0800528e   0x0800528e   0x00000002   PAD
    0x08005290   0x08005290   0x00000074   Code   RO          149    .text.receiveDshotDma  io.o
    0x08005304   0x08005304   0x00000084   Code   RO           56    .text.saveEEpromSettings  main.o
    0x08005388   0x08005388   0x0000017e   Code   RO          111    .text.save_flash_nolib  eeprom.o
    0x08005506   0x08005506   0x00000002   PAD
    0x08005508   0x08005508   0x0000008a   Code   RO          151    .text.sendDshotDma  io.o
    0x08005592   0x08005592   0x00000002   PAD
    0x08005594   0x08005594   0x00000014   Code   RO          226    .text.setVolume     sounds.o
    0x080055a8   0x080055a8   0x000006ca   Code   RO           70    .text.tenKhzRoutine  main.o
    0x08005c72   0x08005c72   0x00000002   PAD
    0x08005c74   0x08005c74   0x0000013e   Code   RO          219    .text.transfercomplete  signal.o
    0x08005db2   0x08005db2   0x00000002   PAD
    0x08005db4   0x08005db4   0x000001b8   Code   RO         1170    x$fpl$exception     f_ws.l(except.o)
    0x08005f6c   0x08005f6c   0x00000140   Code   RO         1150    x$fpl$fadd          f_ws.l(faddsub_clz.o)
    0x080060ac   0x080060ac   0x00000054   Code   RO         1153    x$fpl$fcmp          f_ws.l(fcmp.o)
    0x08006100   0x08006100   0x00000018   Code   RO         1199    x$fpl$fcmpinf       f_ws.l(fcmpi.o)
    0x08006118   0x08006118   0x000001bc   Code   RO         1155    x$fpl$fdiv          f_ws.l(fdiv.o)
    0x080062d4   0x080062d4   0x00000060   Code   RO         1171    x$fpl$feqf          f_ws.l(feqf.o)
    0x08006334   0x08006334   0x00000044   Code   RO         1156    x$fpl$ffix          f_ws.l(ffix.o)
    0x08006378   0x08006378   0x00000030   Code   RO         1159    x$fpl$fflt          f_ws.l(fflt_clz.o)
    0x080063a8   0x080063a8   0x00000026   Code   RO         1158    x$fpl$ffltu         f_ws.l(fflt_clz.o)
    0x080063ce   0x080063ce   0x00000002   PAD
    0x080063d0   0x080063d0   0x00000064   Code   RO         1172    x$fpl$fgeqf         f_ws.l(fgeqf.o)
    0x08006434   0x08006434   0x00000064   Code   RO         1173    x$fpl$fleqf         f_ws.l(fleqf.o)
    0x08006498   0x08006498   0x00000128   Code   RO         1161    x$fpl$fmul          f_ws.l(fmul.o)
    0x080065c0   0x080065c0   0x000000f6   Code   RO         1174    x$fpl$fnaninf       f_ws.l(fnaninf.o)
    0x080066b6   0x080066b6   0x0000004a   Code   RO         1175    x$fpl$fnorm2        f_ws.l(fnorm2_clz.o)
    0x08006700   0x08006700   0x0000000e   Code   RO         1273    x$fpl$fpinit        f_ws.l(fpinit.o)
    0x0800670e   0x0800670e   0x0000000a   Code   RO         1176    x$fpl$fretinf       f_ws.l(fretinf.o)
    0x08006718   0x08006718   0x00000142   Code   RO         1152    x$fpl$fsub          f_ws.l(faddsub_clz.o)
    0x0800685a   0x0800685a   0x0000012a   Code   RO         1177    x$fpl$funder        f_ws.l(funder_clz.o)
    0x08006984   0x08006984   0x000000b2   Code   RO         1200    x$fpl$retnan        f_ws.l(retnan.o)
    0x08006a36   0x08006a36   0x00000090   Code   RO         1201    x$fpl$trapveneer    f_ws.l(trapv.o)
    0x08006ac6   0x08006ac6   0x00000000   Code   RO         1178    x$fpl$usenofp       f_ws.l(usenofp.o)
    0x08006ac6   0x08006ac6   0x00000010   Data   RO          128    .rodata.gcr_encode_table  dshot.o
    0x08006ad6   0x08006ad6   0x00000002   PAD
    0x08006ad8   0x08006ad8   0x00000020   Data   RO         1317    Region$$Table       anon$$obj.o


    Execution Region RW_IRAM1 (Exec base: 0x20000000, Load base: 0x08006af8, Size: 0x00000d80, Max: 0x00004000, ABSOLUTE, COMPRESSED[0x000002e0])

    Exec Addr    Load Addr    Size         Type   Attr      Idx    E Section Name        Object

    0x20000000   COMPRESSED   0x00000058   Data   RW          106    .data..L_MergedGlobals  main.o
    0x20000058   COMPRESSED   0x0000000c   Data   RW          156    .data..L_MergedGlobals  io.o
    0x20000064   COMPRESSED   0x00000078   Data   RW          107    .data..L_MergedGlobals.1  main.o
    0x200000dc   COMPRESSED   0x00000002   Data   RW           95    .data.armed_count_threshold  main.o
    0x200000de   COMPRESSED   0x00000002   PAD
    0x200000e0   COMPRESSED   0x00000004   Data   RW          221    .data.max_servo_deviation  signal.o
    0x200000e4   COMPRESSED   0x000002d0   Data   RW           94    .data.pwmSin        main.o
    0x200003b4   COMPRESSED   0x00000004   PAD
    0x200003b8        -       0x00000060   Zero   RW         1203    .bss                c_w.l(libspace.o)
    0x20000418        -       0x00000058   Zero   RW          130    .bss..L_MergedGlobals  dshot.o
    0x20000470        -       0x00000010   Zero   RW          222    .bss..L_MergedGlobals  signal.o
    0x20000480        -       0x0000000c   Zero   RW          157    .bss..L_MergedGlobals.1  io.o
    0x2000048c        -       0x0000007c   Zero   RW          108    .bss..L_MergedGlobals.2  main.o
    0x20000508        -       0x00000050   Zero   RW          109    .bss..L_MergedGlobals.3  main.o
    0x20000558        -       0x00000001   Zero   RW          252    .bss.beep_volume    sounds.o
    0x20000559   COMPRESSED   0x00000003   PAD
    0x2000055c        -       0x00000100   Zero   RW          155    .bss.dma_buffer     io.o
    0x2000065c        -       0x00000001   Zero   RW           91    .bss.dshot_telemetry  main.o
    0x2000065d        -       0x00000001   Zero   RW          103    .bss.dshotcommand   main.o
    0x2000065e        -       0x000000b0   Zero   RW           90    .bss.eepromBuffer   main.o
    0x2000070e   COMPRESSED   0x00000002   PAD
    0x20000710        -       0x00000068   Zero   RW          129    .bss.gcr            dshot.o
    0x20000778        -       0x00000001   Zero   RW           92    .bss.last_dshot_command  main.o
    0x20000779   COMPRESSED   0x00000007   PAD
    0x20000780        -       0x00000200   Zero   RW            9    HEAP                startup_at32f421k8u7.o
    0x20000980        -       0x00000400   Zero   RW            8    STACK               startup_at32f421k8u7.o


==============================================================================

Image component sizes


      Code (inc. data)   RO Data    RW Data    ZI Data      Debug   Object Name

        18          0          0          0          0          0   at32f4xx_adc.o
        46          0          0          0          0          0   at32f4xx_comp.o
        16          0          0          0          0          0   at32f4xx_dma.o
      3084          0          0          0          0          0   at32f4xx_flash.o
        40          0          0          0          0          0   at32f4xx_gpio_ex.o
       240          0          0          0          0          0   at32f4xx_it.o
        16          0          0          0          0          0   at32f4xx_iwdg.o
       144          0          0          0          0          0   at32f4xx_rcc.o
       434          0          0          0          0          0   at32f4xx_tim.o
       172          0          0          0          0          0   comparator.o
      1736         22         16          0        192          0   dshot.o
       480          0          0          0          0          0   eeprom.o
       236          0          0          0          0          0   functions.o
       760          0          0         12        268          0   io.o
      6870          0          0        930        383          0   main.o
       834          0          0          0          0          0   peripherals.o
      1536          8          0          0          0          0   phaseouts.o
       786          0          0          4         16          0   signal.o
       978          0          0          0          1          0   sounds.o
        64         26        204          0       1536          0   startup_at32f421k8u7.o
       372          0          0          0          0          0   system_at32f4xx.o

    ----------------------------------------------------------------------
     18944         56        254        948       2412          0   Object Totals
         0          0         32          0          0          0   (incl. Generated)
        82          0          2          2         16          0   (incl. Padding)

    ----------------------------------------------------------------------

      Code (inc. data)   RO Data    RW Data    ZI Data      Debug   Library Member Name

        90          0          0          0          0          0   __dczerorl2.o
         8          0          0          0          0          0   __main.o
         0          0          0          0          0          0   __rtentry.o
        12          0          0          0          0          0   __rtentry2.o
         6          0          0          0          0          0   __rtentry4.o
        52          8          0          0          0          0   __scatter.o
        28          0          0          0          0          0   __scatter_zi.o
        48          4          0          0          0          0   _fptrap.o
        10          0          0          0          0          0   defsig_exit.o
       172        110          0          0          0          0   defsig_fpe_inner.o
        14          0          0          0          0          0   defsig_fpe_outer.o
        50          0          0          0          0          0   defsig_general.o
        18          0          0          0          0          0   exit.o
         6          0          0          0          0          0   heapauxi.o
         0          0          0          0          0          0   indicate_semi.o
         2          0          0          0          0          0   libinit.o
         6          0          0          0          0          0   libinit2.o
         2          0          0          0          0          0   libshutdown.o
         2          0          0          0          0          0   libshutdown2.o
         8          4          0          0         96          0   libspace.o
         8          4          0          0          0          0   rt_fp_status_addr_intlibspace.o
        78          0          0          0          0          0   rt_memclr_w.o
         2          0          0          0          0          0   rtexit.o
        10          0          0          0          0          0   rtexit2.o
        12          4          0          0          0          0   sys_exit.o
        74          0          0          0          0          0   sys_stackheap_outer.o
        14          0          0          0          0          0   sys_wrch.o
         2          0          0          0          0          0   use_no_semi.o
       440         24          0          0          0          0   except.o
       642         16          0          0          0          0   faddsub_clz.o
        84          0          0          0          0          0   fcmp.o
        24          0          0          0          0          0   fcmpi.o
       444         78          0          0          0          0   fdiv.o
        96          8          0          0          0          0   feqf.o
        68         12          0          0          0          0   ffix.o
        86          0          0          0          0          0   fflt_clz.o
       100          8          0          0          0          0   fgeqf.o
       100          8          0          0          0          0   fleqf.o
       296         12          0          0          0          0   fmul.o
       246          4          0          0          0          0   fnaninf.o
        74          0          0          0          0          0   fnorm2_clz.o
        14          0          0          0          0          0   fpinit.o
        10          0          0          0          0          0   fretinf.o
       298          0          0          0          0          0   funder_clz.o
       178          0          0          0          0          0   retnan.o
       144          0          0          0          0          0   trapv.o
         0          0          0          0          0          0   usenofp.o

    ----------------------------------------------------------------------
      4090        304          0          0         96          0   Library Totals
        12          0          0          0          0          0   (incl. Padding)

    ----------------------------------------------------------------------

      Code (inc. data)   RO Data    RW Data    ZI Data      Debug   Library Name

       734        134          0          0         96          0   c_w.l
      3344        170          0          0          0          0   f_ws.l

    ----------------------------------------------------------------------
      4090        304          0          0         96          0   Library Totals

    ----------------------------------------------------------------------

==============================================================================


      Code (inc. data)   RO Data    RW Data    ZI Data      Debug   

     23034        360        254        948       2508          0   Grand Totals
     23034        360        254        736       2508          0   ELF Image Totals (compressed)
     23034        360        254        736          0          0   ROM Totals

==============================================================================

    Total RO  Size (Code + RO Data)                23288 (  22.74kB)
    Total RW  Size (RW Data + ZI Data)              3456 (   3.38kB)
    Total ROM Size (Code + RO Data + RW Data)      24024 (  23.46kB)

==============================================================================

